<?xml version="1.0"?>
<link_info>
   <banner>TI ARM Linker PC v16.9.3.LTS</banner>
   <copyright>Copyright (c) 1996-2017 Texas Instruments Incorporated</copyright>
   <link_time>0x59b18dce</link_time>
   <link_errors>0x0</link_errors>
   <output_file>2WheelBalance.out</output_file>
   <entry_point>
      <name>_c_int00</name>
      <address>0x4775</address>
   </entry_point>
   <input_file_list>
      <input_file id="fl-2">
         <path>.\</path>
         <kind>object</kind>
         <file>main.obj</file>
         <name>main.obj</name>
      </input_file>
      <input_file id="fl-3">
         <path>.\</path>
         <kind>object</kind>
         <file>tm4c123gh6pm_startup_ccs.obj</file>
         <name>tm4c123gh6pm_startup_ccs.obj</name>
      </input_file>
      <input_file id="fl-4">
         <path>.\Encoder\</path>
         <kind>object</kind>
         <file>qei.obj</file>
         <name>qei.obj</name>
      </input_file>
      <input_file id="fl-5">
         <path>.\MPU6050\</path>
         <kind>object</kind>
         <file>MPU6050.obj</file>
         <name>MPU6050.obj</name>
      </input_file>
      <input_file id="fl-6">
         <path>.\PID\</path>
         <kind>object</kind>
         <file>pid.obj</file>
         <name>pid.obj</name>
      </input_file>
      <input_file id="fl-7">
         <path>.\Speed Control\</path>
         <kind>object</kind>
         <file>speed.obj</file>
         <name>speed.obj</name>
      </input_file>
      <input_file id="fl-8">
         <path>.\Speed Control\</path>
         <kind>object</kind>
         <file>speed_process.obj</file>
         <name>speed_process.obj</name>
      </input_file>
      <input_file id="fl-9">
         <path>.\Timer\</path>
         <kind>object</kind>
         <file>Timer.obj</file>
         <name>Timer.obj</name>
      </input_file>
      <input_file id="fl-a">
         <path>.\UART\</path>
         <kind>object</kind>
         <file>UART.obj</file>
         <name>UART.obj</name>
      </input_file>
      <input_file id="fl-f">
         <kind>object</kind>
         <file>&lt;internal&gt;</file>
         <name>&lt;internal&gt;</name>
      </input_file>
      <input_file id="fl-10">
         <path>T:\Programs\ti\TivaWare\driverlib\ccs\Debug\</path>
         <kind>archive</kind>
         <file>driverlib.lib</file>
         <name>gpio.obj</name>
      </input_file>
      <input_file id="fl-11">
         <path>T:\Programs\ti\TivaWare\driverlib\ccs\Debug\</path>
         <kind>archive</kind>
         <file>driverlib.lib</file>
         <name>i2c.obj</name>
      </input_file>
      <input_file id="fl-12">
         <path>T:\Programs\ti\TivaWare\driverlib\ccs\Debug\</path>
         <kind>archive</kind>
         <file>driverlib.lib</file>
         <name>interrupt.obj</name>
      </input_file>
      <input_file id="fl-13">
         <path>T:\Programs\ti\TivaWare\driverlib\ccs\Debug\</path>
         <kind>archive</kind>
         <file>driverlib.lib</file>
         <name>pwm.obj</name>
      </input_file>
      <input_file id="fl-14">
         <path>T:\Programs\ti\TivaWare\driverlib\ccs\Debug\</path>
         <kind>archive</kind>
         <file>driverlib.lib</file>
         <name>qei.obj</name>
      </input_file>
      <input_file id="fl-15">
         <path>T:\Programs\ti\TivaWare\driverlib\ccs\Debug\</path>
         <kind>archive</kind>
         <file>driverlib.lib</file>
         <name>sysctl.obj</name>
      </input_file>
      <input_file id="fl-16">
         <path>T:\Programs\ti\TivaWare\driverlib\ccs\Debug\</path>
         <kind>archive</kind>
         <file>driverlib.lib</file>
         <name>cpu.obj</name>
      </input_file>
      <input_file id="fl-cc">
         <path>C:\ti\ccsv7\tools\compiler\ti-cgt-arm_16.9.3.LTS\lib\</path>
         <kind>archive</kind>
         <file>rtsv7M4_T_le_v4SPD16_eabi.lib</file>
         <name>boot.obj</name>
      </input_file>
      <input_file id="fl-cd">
         <path>C:\ti\ccsv7\tools\compiler\ti-cgt-arm_16.9.3.LTS\lib\</path>
         <kind>archive</kind>
         <file>rtsv7M4_T_le_v4SPD16_eabi.lib</file>
         <name>copy_decompress_lzss.obj</name>
      </input_file>
      <input_file id="fl-ce">
         <path>C:\ti\ccsv7\tools\compiler\ti-cgt-arm_16.9.3.LTS\lib\</path>
         <kind>archive</kind>
         <file>rtsv7M4_T_le_v4SPD16_eabi.lib</file>
         <name>copy_decompress_none.obj</name>
      </input_file>
      <input_file id="fl-cf">
         <path>C:\ti\ccsv7\tools\compiler\ti-cgt-arm_16.9.3.LTS\lib\</path>
         <kind>archive</kind>
         <file>rtsv7M4_T_le_v4SPD16_eabi.lib</file>
         <name>copy_zero_init.obj</name>
      </input_file>
      <input_file id="fl-d0">
         <path>C:\ti\ccsv7\tools\compiler\ti-cgt-arm_16.9.3.LTS\lib\</path>
         <kind>archive</kind>
         <file>rtsv7M4_T_le_v4SPD16_eabi.lib</file>
         <name>e_atan2.obj</name>
      </input_file>
      <input_file id="fl-d1">
         <path>C:\ti\ccsv7\tools\compiler\ti-cgt-arm_16.9.3.LTS\lib\</path>
         <kind>archive</kind>
         <file>rtsv7M4_T_le_v4SPD16_eabi.lib</file>
         <name>e_sqrt.obj</name>
      </input_file>
      <input_file id="fl-d2">
         <path>C:\ti\ccsv7\tools\compiler\ti-cgt-arm_16.9.3.LTS\lib\</path>
         <kind>archive</kind>
         <file>rtsv7M4_T_le_v4SPD16_eabi.lib</file>
         <name>errno.obj</name>
      </input_file>
      <input_file id="fl-d3">
         <path>C:\ti\ccsv7\tools\compiler\ti-cgt-arm_16.9.3.LTS\lib\</path>
         <kind>archive</kind>
         <file>rtsv7M4_T_le_v4SPD16_eabi.lib</file>
         <name>exit.obj</name>
      </input_file>
      <input_file id="fl-d4">
         <path>C:\ti\ccsv7\tools\compiler\ti-cgt-arm_16.9.3.LTS\lib\</path>
         <kind>archive</kind>
         <file>rtsv7M4_T_le_v4SPD16_eabi.lib</file>
         <name>fd_add_t2.obj</name>
      </input_file>
      <input_file id="fl-d5">
         <path>C:\ti\ccsv7\tools\compiler\ti-cgt-arm_16.9.3.LTS\lib\</path>
         <kind>archive</kind>
         <file>rtsv7M4_T_le_v4SPD16_eabi.lib</file>
         <name>fd_cmp_t2.obj</name>
      </input_file>
      <input_file id="fl-d6">
         <path>C:\ti\ccsv7\tools\compiler\ti-cgt-arm_16.9.3.LTS\lib\</path>
         <kind>archive</kind>
         <file>rtsv7M4_T_le_v4SPD16_eabi.lib</file>
         <name>fd_div_t2.obj</name>
      </input_file>
      <input_file id="fl-d7">
         <path>C:\ti\ccsv7\tools\compiler\ti-cgt-arm_16.9.3.LTS\lib\</path>
         <kind>archive</kind>
         <file>rtsv7M4_T_le_v4SPD16_eabi.lib</file>
         <name>fd_mul_t2.obj</name>
      </input_file>
      <input_file id="fl-d8">
         <path>C:\ti\ccsv7\tools\compiler\ti-cgt-arm_16.9.3.LTS\lib\</path>
         <kind>archive</kind>
         <file>rtsv7M4_T_le_v4SPD16_eabi.lib</file>
         <name>fd_tos_t2.obj</name>
      </input_file>
      <input_file id="fl-d9">
         <path>C:\ti\ccsv7\tools\compiler\ti-cgt-arm_16.9.3.LTS\lib\</path>
         <kind>archive</kind>
         <file>rtsv7M4_T_le_v4SPD16_eabi.lib</file>
         <name>fs_tod_t2.obj</name>
      </input_file>
      <input_file id="fl-da">
         <path>C:\ti\ccsv7\tools\compiler\ti-cgt-arm_16.9.3.LTS\lib\</path>
         <kind>archive</kind>
         <file>rtsv7M4_T_le_v4SPD16_eabi.lib</file>
         <name>i_tofd_t2.obj</name>
      </input_file>
      <input_file id="fl-db">
         <path>C:\ti\ccsv7\tools\compiler\ti-cgt-arm_16.9.3.LTS\lib\</path>
         <kind>archive</kind>
         <file>rtsv7M4_T_le_v4SPD16_eabi.lib</file>
         <name>memcpy_t2.obj</name>
      </input_file>
      <input_file id="fl-dc">
         <path>C:\ti\ccsv7\tools\compiler\ti-cgt-arm_16.9.3.LTS\lib\</path>
         <kind>archive</kind>
         <file>rtsv7M4_T_le_v4SPD16_eabi.lib</file>
         <name>memset_t2.obj</name>
      </input_file>
      <input_file id="fl-dd">
         <path>C:\ti\ccsv7\tools\compiler\ti-cgt-arm_16.9.3.LTS\lib\</path>
         <kind>archive</kind>
         <file>rtsv7M4_T_le_v4SPD16_eabi.lib</file>
         <name>mpu_init.obj</name>
      </input_file>
      <input_file id="fl-de">
         <path>C:\ti\ccsv7\tools\compiler\ti-cgt-arm_16.9.3.LTS\lib\</path>
         <kind>archive</kind>
         <file>rtsv7M4_T_le_v4SPD16_eabi.lib</file>
         <name>pre_init.obj</name>
      </input_file>
      <input_file id="fl-df">
         <path>C:\ti\ccsv7\tools\compiler\ti-cgt-arm_16.9.3.LTS\lib\</path>
         <kind>archive</kind>
         <file>rtsv7M4_T_le_v4SPD16_eabi.lib</file>
         <name>s_atan.obj</name>
      </input_file>
      <input_file id="fl-e0">
         <path>C:\ti\ccsv7\tools\compiler\ti-cgt-arm_16.9.3.LTS\lib\</path>
         <kind>archive</kind>
         <file>rtsv7M4_T_le_v4SPD16_eabi.lib</file>
         <name>sprintf.obj</name>
      </input_file>
      <input_file id="fl-e1">
         <path>C:\ti\ccsv7\tools\compiler\ti-cgt-arm_16.9.3.LTS\lib\</path>
         <kind>archive</kind>
         <file>rtsv7M4_T_le_v4SPD16_eabi.lib</file>
         <name>stkdepth_vars.obj</name>
      </input_file>
      <input_file id="fl-e2">
         <path>C:\ti\ccsv7\tools\compiler\ti-cgt-arm_16.9.3.LTS\lib\</path>
         <kind>archive</kind>
         <file>rtsv7M4_T_le_v4SPD16_eabi.lib</file>
         <name>strlen.obj</name>
      </input_file>
      <input_file id="fl-e3">
         <path>C:\ti\ccsv7\tools\compiler\ti-cgt-arm_16.9.3.LTS\lib\</path>
         <kind>archive</kind>
         <file>rtsv7M4_T_le_v4SPD16_eabi.lib</file>
         <name>_lock.obj</name>
      </input_file>
      <input_file id="fl-e4">
         <path>C:\ti\ccsv7\tools\compiler\ti-cgt-arm_16.9.3.LTS\lib\</path>
         <kind>archive</kind>
         <file>rtsv7M4_T_le_v4SPD16_eabi.lib</file>
         <name>_printfi.obj</name>
      </input_file>
      <input_file id="fl-e5">
         <path>C:\ti\ccsv7\tools\compiler\ti-cgt-arm_16.9.3.LTS\lib\</path>
         <kind>archive</kind>
         <file>rtsv7M4_T_le_v4SPD16_eabi.lib</file>
         <name>args_main.obj</name>
      </input_file>
      <input_file id="fl-e6">
         <path>C:\ti\ccsv7\tools\compiler\ti-cgt-arm_16.9.3.LTS\lib\</path>
         <kind>archive</kind>
         <file>rtsv7M4_T_le_v4SPD16_eabi.lib</file>
         <name>atoi.obj</name>
      </input_file>
      <input_file id="fl-e7">
         <path>C:\ti\ccsv7\tools\compiler\ti-cgt-arm_16.9.3.LTS\lib\</path>
         <kind>archive</kind>
         <file>rtsv7M4_T_le_v4SPD16_eabi.lib</file>
         <name>autoinit.obj</name>
      </input_file>
      <input_file id="fl-e8">
         <path>C:\ti\ccsv7\tools\compiler\ti-cgt-arm_16.9.3.LTS\lib\</path>
         <kind>archive</kind>
         <file>rtsv7M4_T_le_v4SPD16_eabi.lib</file>
         <name>cpy_tbl.obj</name>
      </input_file>
      <input_file id="fl-e9">
         <path>C:\ti\ccsv7\tools\compiler\ti-cgt-arm_16.9.3.LTS\lib\</path>
         <kind>archive</kind>
         <file>rtsv7M4_T_le_v4SPD16_eabi.lib</file>
         <name>ctype.obj</name>
      </input_file>
      <input_file id="fl-ea">
         <path>C:\ti\ccsv7\tools\compiler\ti-cgt-arm_16.9.3.LTS\lib\</path>
         <kind>archive</kind>
         <file>rtsv7M4_T_le_v4SPD16_eabi.lib</file>
         <name>fd_toi_t2.obj</name>
      </input_file>
      <input_file id="fl-eb">
         <path>C:\ti\ccsv7\tools\compiler\ti-cgt-arm_16.9.3.LTS\lib\</path>
         <kind>archive</kind>
         <file>rtsv7M4_T_le_v4SPD16_eabi.lib</file>
         <name>ltoa.obj</name>
      </input_file>
      <input_file id="fl-ec">
         <path>C:\ti\ccsv7\tools\compiler\ti-cgt-arm_16.9.3.LTS\lib\</path>
         <kind>archive</kind>
         <file>rtsv7M4_T_le_v4SPD16_eabi.lib</file>
         <name>memccpy.obj</name>
      </input_file>
      <input_file id="fl-ed">
         <path>C:\ti\ccsv7\tools\compiler\ti-cgt-arm_16.9.3.LTS\lib\</path>
         <kind>archive</kind>
         <file>rtsv7M4_T_le_v4SPD16_eabi.lib</file>
         <name>s_frexp.obj</name>
      </input_file>
      <input_file id="fl-ee">
         <path>C:\ti\ccsv7\tools\compiler\ti-cgt-arm_16.9.3.LTS\lib\</path>
         <kind>archive</kind>
         <file>rtsv7M4_T_le_v4SPD16_eabi.lib</file>
         <name>s_scalbn.obj</name>
      </input_file>
      <input_file id="fl-ef">
         <path>C:\ti\ccsv7\tools\compiler\ti-cgt-arm_16.9.3.LTS\lib\</path>
         <kind>archive</kind>
         <file>rtsv7M4_T_le_v4SPD16_eabi.lib</file>
         <name>startup.obj</name>
      </input_file>
      <input_file id="fl-f0">
         <path>C:\ti\ccsv7\tools\compiler\ti-cgt-arm_16.9.3.LTS\lib\</path>
         <kind>archive</kind>
         <file>rtsv7M4_T_le_v4SPD16_eabi.lib</file>
         <name>strchr.obj</name>
      </input_file>
      <input_file id="fl-f1">
         <path>C:\ti\ccsv7\tools\compiler\ti-cgt-arm_16.9.3.LTS\lib\</path>
         <kind>archive</kind>
         <file>rtsv7M4_T_le_v4SPD16_eabi.lib</file>
         <name>ull_div_t2.obj</name>
      </input_file>
      <input_file id="fl-f2">
         <path>C:\ti\ccsv7\tools\compiler\ti-cgt-arm_16.9.3.LTS\lib\</path>
         <kind>archive</kind>
         <file>rtsv7M4_T_le_v4SPD16_eabi.lib</file>
         <name>s_copysign.obj</name>
      </input_file>
   </input_file_list>
   <object_component_list>
      <object_component id="oc-f">
         <name>.intvecs</name>
         <load_address>0x0</load_address>
         <run_address>0x0</run_address>
         <size>0x26c</size>
         <input_file_ref idref="fl-3"/>
      </object_component>
      <object_component id="oc-219">
         <name>.text</name>
         <load_address>0x26c</load_address>
         <run_address>0x26c</run_address>
         <size>0x113e</size>
         <input_file_ref idref="fl-e4"/>
      </object_component>
      <object_component id="oc-24e">
         <name>.text:_IntDefaultHandler</name>
         <load_address>0x13aa</load_address>
         <run_address>0x13aa</run_address>
         <size>0x2</size>
         <input_file_ref idref="fl-12"/>
      </object_component>
      <object_component id="oc-106">
         <name>.text</name>
         <load_address>0x13ac</load_address>
         <run_address>0x13ac</run_address>
         <size>0xc30</size>
         <input_file_ref idref="fl-5"/>
      </object_component>
      <object_component id="oc-f4">
         <name>.text</name>
         <load_address>0x1fdc</load_address>
         <run_address>0x1fdc</run_address>
         <size>0x900</size>
         <input_file_ref idref="fl-a"/>
      </object_component>
      <object_component id="oc-1c6">
         <name>.text</name>
         <load_address>0x28dc</load_address>
         <run_address>0x28dc</run_address>
         <size>0x808</size>
         <input_file_ref idref="fl-9"/>
      </object_component>
      <object_component id="oc-1ec">
         <name>.text</name>
         <load_address>0x30e4</load_address>
         <run_address>0x30e4</run_address>
         <size>0x2ec</size>
         <input_file_ref idref="fl-df"/>
      </object_component>
      <object_component id="oc-2a7">
         <name>.text</name>
         <load_address>0x33d0</load_address>
         <run_address>0x33d0</run_address>
         <size>0x1f4</size>
         <input_file_ref idref="fl-f1"/>
      </object_component>
      <object_component id="oc-1f2">
         <name>.text</name>
         <load_address>0x35c4</load_address>
         <run_address>0x35c4</run_address>
         <size>0x1ec</size>
         <input_file_ref idref="fl-d0"/>
      </object_component>
      <object_component id="oc-1dc">
         <name>.text</name>
         <load_address>0x37b0</load_address>
         <run_address>0x37b0</run_address>
         <size>0x1b6</size>
         <input_file_ref idref="fl-d4"/>
      </object_component>
      <object_component id="oc-57">
         <name>.text</name>
         <load_address>0x3966</load_address>
         <run_address>0x3966</run_address>
         <size>0x2</size>
         <input_file_ref idref="fl-dd"/>
      </object_component>
      <object_component id="oc-1e1">
         <name>.text</name>
         <load_address>0x3968</load_address>
         <run_address>0x3968</run_address>
         <size>0x170</size>
         <input_file_ref idref="fl-d1"/>
      </object_component>
      <object_component id="oc-a7">
         <name>.text</name>
         <load_address>0x3ad8</load_address>
         <run_address>0x3ad8</run_address>
         <size>0x138</size>
         <input_file_ref idref="fl-2"/>
      </object_component>
      <object_component id="oc-1e7">
         <name>.text</name>
         <load_address>0x3c10</load_address>
         <run_address>0x3c10</run_address>
         <size>0x136</size>
         <input_file_ref idref="fl-d6"/>
      </object_component>
      <object_component id="oc-145">
         <name>.text:GPIOPadConfigSet</name>
         <load_address>0x3d46</load_address>
         <run_address>0x3d46</run_address>
         <size>0x132</size>
         <input_file_ref idref="fl-10"/>
      </object_component>
      <object_component id="oc-ee">
         <name>.text:SysCtlClockGet</name>
         <load_address>0x3e78</load_address>
         <run_address>0x3e78</run_address>
         <size>0x110</size>
         <input_file_ref idref="fl-15"/>
      </object_component>
      <object_component id="oc-1d7">
         <name>.text</name>
         <load_address>0x3f88</load_address>
         <run_address>0x3f88</run_address>
         <size>0xfc</size>
         <input_file_ref idref="fl-d7"/>
      </object_component>
      <object_component id="oc-2bd">
         <name>.text</name>
         <load_address>0x4084</load_address>
         <run_address>0x4084</run_address>
         <size>0xfc</size>
         <input_file_ref idref="fl-ee"/>
      </object_component>
      <object_component id="oc-d0">
         <name>.text:SysCtlClockSet</name>
         <load_address>0x4180</load_address>
         <run_address>0x4180</run_address>
         <size>0xf4</size>
         <input_file_ref idref="fl-15"/>
      </object_component>
      <object_component id="oc-3f">
         <name>.text</name>
         <load_address>0x4274</load_address>
         <run_address>0x4274</run_address>
         <size>0x9c</size>
         <input_file_ref idref="fl-db"/>
      </object_component>
      <object_component id="oc-191">
         <name>.text:__aeabi_cdcmple</name>
         <load_address>0x4310</load_address>
         <run_address>0x4310</run_address>
         <size>0x86</size>
         <input_file_ref idref="fl-d5"/>
      </object_component>
      <object_component id="oc-203">
         <name>.text:__aeabi_cdrcmple</name>
         <load_address>0x4396</load_address>
         <run_address>0x4396</run_address>
         <size>0x86</size>
         <input_file_ref idref="fl-d5"/>
      </object_component>
      <object_component id="oc-4b">
         <name>.text</name>
         <load_address>0x441c</load_address>
         <run_address>0x441c</run_address>
         <size>0x7a</size>
         <input_file_ref idref="fl-dc"/>
      </object_component>
      <object_component id="oc-9f">
         <name>.text</name>
         <load_address>0x4496</load_address>
         <run_address>0x4496</run_address>
         <size>0x2</size>
         <input_file_ref idref="fl-ef"/>
      </object_component>
      <object_component id="oc-63">
         <name>.text</name>
         <load_address>0x4498</load_address>
         <run_address>0x4498</run_address>
         <size>0x70</size>
         <input_file_ref idref="fl-e7"/>
      </object_component>
      <object_component id="oc-1f8">
         <name>.text</name>
         <load_address>0x4508</load_address>
         <run_address>0x4508</run_address>
         <size>0x6e</size>
         <input_file_ref idref="fl-d8"/>
      </object_component>
      <object_component id="oc-16b">
         <name>.text:IntDisable</name>
         <load_address>0x4578</load_address>
         <run_address>0x4578</run_address>
         <size>0x68</size>
         <input_file_ref idref="fl-12"/>
      </object_component>
      <object_component id="oc-fa">
         <name>.text:IntEnable</name>
         <load_address>0x45e0</load_address>
         <run_address>0x45e0</run_address>
         <size>0x68</size>
         <input_file_ref idref="fl-12"/>
      </object_component>
      <object_component id="oc-12">
         <name>.text:decompress:lzss</name>
         <load_address>0x4648</load_address>
         <run_address>0x4648</run_address>
         <size>0x68</size>
         <input_file_ref idref="fl-cd"/>
      </object_component>
      <object_component id="oc-2b7">
         <name>.text</name>
         <load_address>0x46b0</load_address>
         <run_address>0x46b0</run_address>
         <size>0x64</size>
         <input_file_ref idref="fl-ed"/>
      </object_component>
      <object_component id="oc-10c">
         <name>.text</name>
         <load_address>0x4714</load_address>
         <run_address>0x4714</run_address>
         <size>0x60</size>
         <input_file_ref idref="fl-e0"/>
      </object_component>
      <object_component id="oc-24">
         <name>.text</name>
         <load_address>0x4774</load_address>
         <run_address>0x4774</run_address>
         <size>0x54</size>
         <input_file_ref idref="fl-cc"/>
      </object_component>
      <object_component id="oc-6f">
         <name>.text</name>
         <load_address>0x47c8</load_address>
         <run_address>0x47c8</run_address>
         <size>0x54</size>
         <input_file_ref idref="fl-d3"/>
      </object_component>
      <object_component id="oc-2b1">
         <name>.text</name>
         <load_address>0x481c</load_address>
         <run_address>0x481c</run_address>
         <size>0x54</size>
         <input_file_ref idref="fl-eb"/>
      </object_component>
      <object_component id="oc-1a2">
         <name>.text:I2CMasterInitExpClk</name>
         <load_address>0x4870</load_address>
         <run_address>0x4870</run_address>
         <size>0x4c</size>
         <input_file_ref idref="fl-11"/>
      </object_component>
      <object_component id="oc-2c9">
         <name>.text</name>
         <load_address>0x48bc</load_address>
         <run_address>0x48bc</run_address>
         <size>0x4c</size>
         <input_file_ref idref="fl-e6"/>
      </object_component>
      <object_component id="oc-99">
         <name>.text</name>
         <load_address>0x4908</load_address>
         <run_address>0x4908</run_address>
         <size>0x4c</size>
         <input_file_ref idref="fl-e8"/>
      </object_component>
      <object_component id="oc-e2">
         <name>.text:GPIOPinConfigure</name>
         <load_address>0x4954</load_address>
         <run_address>0x4954</run_address>
         <size>0x48</size>
         <input_file_ref idref="fl-10"/>
      </object_component>
      <object_component id="oc-2ac">
         <name>.text</name>
         <load_address>0x499c</load_address>
         <run_address>0x499c</run_address>
         <size>0x48</size>
         <input_file_ref idref="fl-ea"/>
      </object_component>
      <object_component id="oc-208">
         <name>.text</name>
         <load_address>0x49e4</load_address>
         <run_address>0x49e4</run_address>
         <size>0x38</size>
         <input_file_ref idref="fl-d9"/>
      </object_component>
      <object_component id="oc-165">
         <name>.text:IntRegister</name>
         <load_address>0x4a1c</load_address>
         <run_address>0x4a1c</run_address>
         <size>0x34</size>
         <input_file_ref idref="fl-12"/>
      </object_component>
      <object_component id="oc-d6">
         <name>.text:SysCtlPeripheralEnable</name>
         <load_address>0x4a50</load_address>
         <run_address>0x4a50</run_address>
         <size>0x34</size>
         <input_file_ref idref="fl-15"/>
      </object_component>
      <object_component id="oc-1d2">
         <name>.text</name>
         <load_address>0x4a84</load_address>
         <run_address>0x4a84</run_address>
         <size>0x2e</size>
         <input_file_ref idref="fl-da"/>
      </object_component>
      <object_component id="oc-14b">
         <name>.text:GPIODirModeSet</name>
         <load_address>0x4ab2</load_address>
         <run_address>0x4ab2</run_address>
         <size>0x2a</size>
         <input_file_ref idref="fl-10"/>
      </object_component>
      <object_component id="oc-2cf">
         <name>.text</name>
         <load_address>0x4adc</load_address>
         <run_address>0x4adc</run_address>
         <size>0x1c</size>
         <input_file_ref idref="fl-ec"/>
      </object_component>
      <object_component id="oc-dc">
         <name>.text:GPIOPinTypeGPIOOutput</name>
         <load_address>0x4af8</load_address>
         <run_address>0x4af8</run_address>
         <size>0x18</size>
         <input_file_ref idref="fl-10"/>
      </object_component>
      <object_component id="oc-69">
         <name>.text</name>
         <load_address>0x4b10</load_address>
         <run_address>0x4b10</run_address>
         <size>0x18</size>
         <input_file_ref idref="fl-e5"/>
      </object_component>
      <object_component id="oc-2c3">
         <name>.text</name>
         <load_address>0x4b28</load_address>
         <run_address>0x4b28</run_address>
         <size>0x16</size>
         <input_file_ref idref="fl-f0"/>
      </object_component>
      <object_component id="oc-171">
         <name>.text:IntUnregister</name>
         <load_address>0x4b40</load_address>
         <run_address>0x4b40</run_address>
         <size>0x14</size>
         <input_file_ref idref="fl-12"/>
      </object_component>
      <object_component id="oc-12a">
         <name>.text</name>
         <load_address>0x4b54</load_address>
         <run_address>0x4b54</run_address>
         <size>0x14</size>
         <input_file_ref idref="fl-e3"/>
      </object_component>
      <object_component id="oc-315">
         <name>.text</name>
         <load_address>0x4b68</load_address>
         <run_address>0x4b68</run_address>
         <size>0x14</size>
         <input_file_ref idref="fl-f2"/>
      </object_component>
      <object_component id="oc-112">
         <name>.text</name>
         <load_address>0x4b7c</load_address>
         <run_address>0x4b7c</run_address>
         <size>0x14</size>
         <input_file_ref idref="fl-e2"/>
      </object_component>
      <object_component id="oc-19c">
         <name>.text:GPIOPinTypeI2C</name>
         <load_address>0x4b90</load_address>
         <run_address>0x4b90</run_address>
         <size>0x12</size>
         <input_file_ref idref="fl-10"/>
      </object_component>
      <object_component id="oc-196">
         <name>.text:GPIOPinTypeI2CSCL</name>
         <load_address>0x4ba2</load_address>
         <run_address>0x4ba2</run_address>
         <size>0x12</size>
         <input_file_ref idref="fl-10"/>
      </object_component>
      <object_component id="oc-e8">
         <name>.text:GPIOPinTypeUART</name>
         <load_address>0x4bb4</load_address>
         <run_address>0x4bb4</run_address>
         <size>0x12</size>
         <input_file_ref idref="fl-10"/>
      </object_component>
      <object_component id="oc-100">
         <name>.text:IntMasterEnable</name>
         <load_address>0x4bc6</load_address>
         <run_address>0x4bc6</run_address>
         <size>0x10</size>
         <input_file_ref idref="fl-12"/>
      </object_component>
      <object_component id="oc-18">
         <name>.text:decompress:none</name>
         <load_address>0x4bd6</load_address>
         <run_address>0x4bd6</run_address>
         <size>0xe</size>
         <input_file_ref idref="fl-ce"/>
      </object_component>
      <object_component id="oc-18a">
         <name>.text:CPUcpsie</name>
         <load_address>0x4be4</load_address>
         <run_address>0x4be4</run_address>
         <size>0xc</size>
         <input_file_ref idref="fl-16"/>
      </object_component>
      <object_component id="oc-1e">
         <name>.text:decompress:ZI</name>
         <load_address>0x4bf0</load_address>
         <run_address>0x4bf0</run_address>
         <size>0xc</size>
         <input_file_ref idref="fl-cf"/>
      </object_component>
      <object_component id="oc-2b">
         <name>.text</name>
         <load_address>0x4bfc</load_address>
         <run_address>0x4bfc</run_address>
         <size>0xc</size>
         <input_file_ref idref="fl-3"/>
      </object_component>
      <object_component id="oc-267">
         <name>.text:I2CMasterEnable</name>
         <load_address>0x4c08</load_address>
         <run_address>0x4c08</run_address>
         <size>0xa</size>
         <input_file_ref idref="fl-11"/>
      </object_component>
      <object_component id="oc-1ba">
         <name>.text:I2CMasterBusy</name>
         <load_address>0x4c12</load_address>
         <run_address>0x4c12</run_address>
         <size>0x8</size>
         <input_file_ref idref="fl-11"/>
      </object_component>
      <object_component id="oc-1a8">
         <name>.text:I2CMasterSlaveAddrSet</name>
         <load_address>0x4c1a</load_address>
         <run_address>0x4c1a</run_address>
         <size>0x8</size>
         <input_file_ref idref="fl-11"/>
      </object_component>
      <object_component id="oc-1cc">
         <name>.text:GPIOPinWrite</name>
         <load_address>0x4c22</load_address>
         <run_address>0x4c22</run_address>
         <size>0x6</size>
         <input_file_ref idref="fl-10"/>
      </object_component>
      <object_component id="oc-118">
         <name>.text:SysCtlDelay</name>
         <load_address>0x4c28</load_address>
         <run_address>0x4c28</run_address>
         <size>0x6</size>
         <input_file_ref idref="fl-15"/>
      </object_component>
      <object_component id="oc-1b4">
         <name>.text:I2CMasterControl</name>
         <load_address>0x4c2e</load_address>
         <run_address>0x4c2e</run_address>
         <size>0x4</size>
         <input_file_ref idref="fl-11"/>
      </object_component>
      <object_component id="oc-1c0">
         <name>.text:I2CMasterDataGet</name>
         <load_address>0x4c32</load_address>
         <run_address>0x4c32</run_address>
         <size>0x4</size>
         <input_file_ref idref="fl-11"/>
      </object_component>
      <object_component id="oc-1ae">
         <name>.text:I2CMasterDataPut</name>
         <load_address>0x4c36</load_address>
         <run_address>0x4c36</run_address>
         <size>0x4</size>
         <input_file_ref idref="fl-11"/>
      </object_component>
      <object_component id="oc-5d">
         <name>.text</name>
         <load_address>0x4c3a</load_address>
         <run_address>0x4c3a</run_address>
         <size>0x4</size>
         <input_file_ref idref="fl-de"/>
      </object_component>
      <object_component id="oc-31f">
         <name>.const:.string:_ctypes_</name>
         <load_address>0x4c40</load_address>
         <run_address>0x4c40</run_address>
         <size>0x101</size>
         <input_file_ref idref="fl-e9"/>
      </object_component>
      <object_component id="oc-296">
         <name>.const:$O1$$</name>
         <load_address>0x4d48</load_address>
         <run_address>0x4d48</run_address>
         <size>0x98</size>
         <input_file_ref idref="fl-df"/>
      </object_component>
      <object_component id="oc-153">
         <name>.const:g_pui32GPIOBaseAddrs</name>
         <load_address>0x4de0</load_address>
         <run_address>0x4de0</run_address>
         <size>0x90</size>
         <input_file_ref idref="fl-10"/>
      </object_component>
      <object_component id="oc-185">
         <name>.const</name>
         <load_address>0x4e70</load_address>
         <run_address>0x4e70</run_address>
         <size>0x70</size>
         <input_file_ref idref="fl-12"/>
      </object_component>
      <object_component id="oc-158">
         <name>.const:g_pui32Xtals</name>
         <load_address>0x4ee0</load_address>
         <run_address>0x4ee0</run_address>
         <size>0x6c</size>
         <input_file_ref idref="fl-15"/>
      </object_component>
      <object_component id="oc-274">
         <name>.const:g_ppui32TimerIntMap</name>
         <load_address>0x4f4c</load_address>
         <run_address>0x4f4c</run_address>
         <size>0x60</size>
         <input_file_ref idref="fl-9"/>
      </object_component>
      <object_component id="oc-27a">
         <name>.const:g_ppui32TimerIntMapSnowflake</name>
         <load_address>0x4fac</load_address>
         <run_address>0x4fac</run_address>
         <size>0x40</size>
         <input_file_ref idref="fl-9"/>
      </object_component>
      <object_component id="oc-15c">
         <name>.const:g_ppui32UARTIntMap</name>
         <load_address>0x4fec</load_address>
         <run_address>0x4fec</run_address>
         <size>0x40</size>
         <input_file_ref idref="fl-a"/>
      </object_component>
      <object_component id="oc-162">
         <name>.const:g_ppui32UARTIntMapSnowflake</name>
         <load_address>0x502c</load_address>
         <run_address>0x502c</run_address>
         <size>0x40</size>
         <input_file_ref idref="fl-a"/>
      </object_component>
      <object_component id="oc-277">
         <name>.const</name>
         <load_address>0x506c</load_address>
         <run_address>0x506c</run_address>
         <size>0x8</size>
         <input_file_ref idref="fl-9"/>
      </object_component>
      <object_component id="oc-15f">
         <name>.const</name>
         <load_address>0x5074</load_address>
         <run_address>0x5074</run_address>
         <size>0x8</size>
         <input_file_ref idref="fl-a"/>
      </object_component>
      <object_component id="oc-365">
         <name>.cinit..data.load</name>
         <load_address>0x5080</load_address>
         <run_address>0x5080</run_address>
         <size>0x1f</size>
      </object_component>
      <object_component id="oc-362">
         <name>__TI_handler_table</name>
         <load_address>0x50a0</load_address>
         <run_address>0x50a0</run_address>
         <size>0xc</size>
      </object_component>
      <object_component id="oc-366">
         <name>.cinit..bss.load</name>
         <load_address>0x50b0</load_address>
         <run_address>0x50b0</run_address>
         <size>0x8</size>
      </object_component>
      <object_component id="oc-364">
         <name>.cinit..vtable.load</name>
         <load_address>0x50b8</load_address>
         <run_address>0x50b8</run_address>
         <size>0x8</size>
      </object_component>
      <object_component id="oc-363">
         <name>__TI_cinit_table</name>
         <load_address>0x50c0</load_address>
         <run_address>0x50c0</run_address>
         <size>0x18</size>
      </object_component>
      <object_component id="oc-249">
         <name>.vtable</name>
         <uninitialized>true</uninitialized>
         <run_address>0x20000000</run_address>
         <size>0x26c</size>
         <input_file_ref idref="fl-12"/>
      </object_component>
      <object_component id="oc-1fd">
         <name>.data</name>
         <load_address>0x20001188</load_address>
         <run_address>0x20001188</run_address>
         <size>0x19</size>
         <input_file_ref idref="fl-5"/>
      </object_component>
      <object_component id="oc-180">
         <name>.data</name>
         <load_address>0x200011a2</load_address>
         <run_address>0x200011a2</run_address>
         <size>0x2</size>
         <input_file_ref idref="fl-a"/>
      </object_component>
      <object_component id="oc-28b">
         <name>.data</name>
         <load_address>0x200011b8</load_address>
         <run_address>0x200011b8</run_address>
         <size>0x4</size>
         <input_file_ref idref="fl-d2"/>
      </object_component>
      <object_component id="oc-af">
         <name>.data:$O1$$</name>
         <load_address>0x200011a4</load_address>
         <run_address>0x200011a4</run_address>
         <size>0xc</size>
         <input_file_ref idref="fl-d3"/>
      </object_component>
      <object_component id="oc-75">
         <name>.data</name>
         <load_address>0x200011bc</load_address>
         <run_address>0x200011bc</run_address>
         <size>0x4</size>
         <input_file_ref idref="fl-e1"/>
      </object_component>
      <object_component id="oc-b2">
         <name>.data:$O1$$</name>
         <load_address>0x200011b0</load_address>
         <run_address>0x200011b0</run_address>
         <size>0x8</size>
         <input_file_ref idref="fl-e3"/>
      </object_component>
      <object_component id="oc-11d">
         <name>.bss:u8_Buf</name>
         <uninitialized>true</uninitialized>
         <run_address>0x20000ec8</run_address>
         <size>0x34</size>
         <input_file_ref idref="fl-2"/>
      </object_component>
      <object_component id="oc-200">
         <name>.bss</name>
         <uninitialized>true</uninitialized>
         <run_address>0x20000f40</run_address>
         <size>0xc</size>
         <input_file_ref idref="fl-5"/>
      </object_component>
      <object_component id="oc-215">
         <name>.bss:f_P</name>
         <uninitialized>true</uninitialized>
         <run_address>0x20000f30</run_address>
         <size>0x10</size>
         <input_file_ref idref="fl-5"/>
      </object_component>
      <object_component id="oc-27d">
         <name>.bss:timer_event_list</name>
         <uninitialized>true</uninitialized>
         <run_address>0x20000e28</run_address>
         <size>0xa0</size>
         <input_file_ref idref="fl-9"/>
      </object_component>
      <object_component id="oc-17d">
         <name>.bss:rxBuffer</name>
         <uninitialized>true</uninitialized>
         <run_address>0x20000270</run_address>
         <size>0x5dc</size>
         <input_file_ref idref="fl-a"/>
      </object_component>
      <object_component id="oc-177">
         <name>.bss</name>
         <uninitialized>true</uninitialized>
         <run_address>0x20000f4c</run_address>
         <size>0x8</size>
         <input_file_ref idref="fl-a"/>
      </object_component>
      <object_component id="oc-17a">
         <name>.bss:txBuffer</name>
         <uninitialized>true</uninitialized>
         <run_address>0x2000084c</run_address>
         <size>0x5dc</size>
         <input_file_ref idref="fl-a"/>
      </object_component>
      <object_component id="oc-119">
         <name>.common:i16_Accel_Raw</name>
         <uninitialized>true</uninitialized>
         <run_address>0x20000f00</run_address>
         <size>0x18</size>
      </object_component>
      <object_component id="oc-11c">
         <name>.common:i16_Gyro_Raw</name>
         <uninitialized>true</uninitialized>
         <run_address>0x20000f18</run_address>
         <size>0x18</size>
      </object_component>
      <object_component id="oc-20d">
         <name>.common:gyroXangle</name>
         <uninitialized>true</uninitialized>
         <run_address>0x20000f68</run_address>
         <size>0x8</size>
      </object_component>
      <object_component id="oc-210">
         <name>.common:gyroYangle</name>
         <uninitialized>true</uninitialized>
         <run_address>0x20000f70</run_address>
         <size>0x8</size>
      </object_component>
      <object_component id="oc-211">
         <name>.common:compAngleX</name>
         <uninitialized>true</uninitialized>
         <run_address>0x20000f58</run_address>
         <size>0x8</size>
      </object_component>
      <object_component id="oc-212">
         <name>.common:compAngleY</name>
         <uninitialized>true</uninitialized>
         <run_address>0x20000f60</run_address>
         <size>0x8</size>
      </object_component>
      <object_component id="oc-214">
         <name>.common:kalAngleX</name>
         <uninitialized>true</uninitialized>
         <run_address>0x20000f78</run_address>
         <size>0x8</size>
      </object_component>
      <object_component id="oc-213">
         <name>.common:kalAngleY</name>
         <uninitialized>true</uninitialized>
         <run_address>0x20000f80</run_address>
         <size>0x8</size>
      </object_component>
      <object_component id="oc-2a">
         <name>.stack</name>
         <uninitialized>true</uninitialized>
         <run_address>0x20000f88</run_address>
         <size>0x0</size>
         <input_file_ref idref="fl-cc"/>
      </object_component>
      <object_component id="oc-367">
         <name>.stack</name>
         <uninitialized>true</uninitialized>
         <run_address>0x20000f88</run_address>
         <size>0x0</size>
      </object_component>
      <object_component id="oc-11a">
         <name>.debug_info</name>
         <load_address>0x0</load_address>
         <run_address>0x0</run_address>
         <size>0x65c</size>
         <input_file_ref idref="fl-2"/>
      </object_component>
      <object_component id="oc-11e">
         <name>.debug_info</name>
         <load_address>0x65c</load_address>
         <run_address>0x65c</run_address>
         <size>0xc9</size>
         <input_file_ref idref="fl-2"/>
      </object_component>
      <object_component id="oc-a8">
         <name>.debug_info</name>
         <load_address>0x725</load_address>
         <run_address>0x725</run_address>
         <size>0x3ec</size>
         <input_file_ref idref="fl-2"/>
      </object_component>
      <object_component id="oc-22a">
         <name>.debug_info</name>
         <load_address>0xb11</load_address>
         <run_address>0xb11</run_address>
         <size>0xc8</size>
         <input_file_ref idref="fl-2"/>
      </object_component>
      <object_component id="oc-ba">
         <name>.debug_info</name>
         <load_address>0xbd9</load_address>
         <run_address>0xbd9</run_address>
         <size>0x8b</size>
         <input_file_ref idref="fl-2"/>
      </object_component>
      <object_component id="oc-7c">
         <name>.debug_info</name>
         <load_address>0xc64</load_address>
         <run_address>0xc64</run_address>
         <size>0x18b</size>
         <input_file_ref idref="fl-2"/>
      </object_component>
      <object_component id="oc-221">
         <name>.debug_info</name>
         <load_address>0xdef</load_address>
         <run_address>0xdef</run_address>
         <size>0x4e</size>
         <input_file_ref idref="fl-2"/>
      </object_component>
      <object_component id="oc-33">
         <name>.debug_info</name>
         <load_address>0xe3d</load_address>
         <run_address>0xe3d</run_address>
         <size>0x299</size>
         <input_file_ref idref="fl-3"/>
      </object_component>
      <object_component id="oc-10">
         <name>.debug_info</name>
         <load_address>0x10d6</load_address>
         <run_address>0x10d6</run_address>
         <size>0xea</size>
         <input_file_ref idref="fl-3"/>
      </object_component>
      <object_component id="oc-2c">
         <name>.debug_info</name>
         <load_address>0x11c0</load_address>
         <run_address>0x11c0</run_address>
         <size>0x266</size>
         <input_file_ref idref="fl-3"/>
      </object_component>
      <object_component id="oc-3a">
         <name>.debug_info</name>
         <load_address>0x1426</load_address>
         <run_address>0x1426</run_address>
         <size>0x84</size>
         <input_file_ref idref="fl-3"/>
      </object_component>
      <object_component id="oc-90">
         <name>.debug_info</name>
         <load_address>0x14aa</load_address>
         <run_address>0x14aa</run_address>
         <size>0x2c</size>
         <input_file_ref idref="fl-4"/>
      </object_component>
      <object_component id="oc-20e">
         <name>.debug_info</name>
         <load_address>0x14d6</load_address>
         <run_address>0x14d6</run_address>
         <size>0x8d6</size>
         <input_file_ref idref="fl-5"/>
      </object_component>
      <object_component id="oc-201">
         <name>.debug_info</name>
         <load_address>0x1dac</load_address>
         <run_address>0x1dac</run_address>
         <size>0x120</size>
         <input_file_ref idref="fl-5"/>
      </object_component>
      <object_component id="oc-1fe">
         <name>.debug_info</name>
         <load_address>0x1ecc</load_address>
         <run_address>0x1ecc</run_address>
         <size>0x18a</size>
         <input_file_ref idref="fl-5"/>
      </object_component>
      <object_component id="oc-216">
         <name>.debug_info</name>
         <load_address>0x2056</load_address>
         <run_address>0x2056</run_address>
         <size>0xce</size>
         <input_file_ref idref="fl-5"/>
      </object_component>
      <object_component id="oc-107">
         <name>.debug_info</name>
         <load_address>0x2124</load_address>
         <run_address>0x2124</run_address>
         <size>0x1e04</size>
         <input_file_ref idref="fl-5"/>
      </object_component>
      <object_component id="oc-2f8">
         <name>.debug_info</name>
         <load_address>0x3f28</load_address>
         <run_address>0x3f28</run_address>
         <size>0x566</size>
         <input_file_ref idref="fl-7"/>
      </object_component>
      <object_component id="oc-281">
         <name>.debug_info</name>
         <load_address>0x448e</load_address>
         <run_address>0x448e</run_address>
         <size>0x39</size>
         <input_file_ref idref="fl-7"/>
      </object_component>
      <object_component id="oc-286">
         <name>.debug_info</name>
         <load_address>0x44c7</load_address>
         <run_address>0x44c7</run_address>
         <size>0x3c1</size>
         <input_file_ref idref="fl-9"/>
      </object_component>
      <object_component id="oc-275">
         <name>.debug_info</name>
         <load_address>0x4888</load_address>
         <run_address>0x4888</run_address>
         <size>0xea</size>
         <input_file_ref idref="fl-9"/>
      </object_component>
      <object_component id="oc-278">
         <name>.debug_info</name>
         <load_address>0x4972</load_address>
         <run_address>0x4972</run_address>
         <size>0x136</size>
         <input_file_ref idref="fl-9"/>
      </object_component>
      <object_component id="oc-27b">
         <name>.debug_info</name>
         <load_address>0x4aa8</load_address>
         <run_address>0x4aa8</run_address>
         <size>0xfc</size>
         <input_file_ref idref="fl-9"/>
      </object_component>
      <object_component id="oc-27e">
         <name>.debug_info</name>
         <load_address>0x4ba4</load_address>
         <run_address>0x4ba4</run_address>
         <size>0xe4</size>
         <input_file_ref idref="fl-9"/>
      </object_component>
      <object_component id="oc-1c7">
         <name>.debug_info</name>
         <load_address>0x4c88</load_address>
         <run_address>0x4c88</run_address>
         <size>0x2dfc</size>
         <input_file_ref idref="fl-9"/>
      </object_component>
      <object_component id="oc-2fb">
         <name>.debug_info</name>
         <load_address>0x7a84</load_address>
         <run_address>0x7a84</run_address>
         <size>0x5e</size>
         <input_file_ref idref="fl-9"/>
      </object_component>
      <object_component id="oc-184">
         <name>.debug_info</name>
         <load_address>0x7ae2</load_address>
         <run_address>0x7ae2</run_address>
         <size>0x48a</size>
         <input_file_ref idref="fl-a"/>
      </object_component>
      <object_component id="oc-15d">
         <name>.debug_info</name>
         <load_address>0x7f6c</load_address>
         <run_address>0x7f6c</run_address>
         <size>0xe6</size>
         <input_file_ref idref="fl-a"/>
      </object_component>
      <object_component id="oc-160">
         <name>.debug_info</name>
         <load_address>0x8052</load_address>
         <run_address>0x8052</run_address>
         <size>0x130</size>
         <input_file_ref idref="fl-a"/>
      </object_component>
      <object_component id="oc-163">
         <name>.debug_info</name>
         <load_address>0x8182</load_address>
         <run_address>0x8182</run_address>
         <size>0xf8</size>
         <input_file_ref idref="fl-a"/>
      </object_component>
      <object_component id="oc-17e">
         <name>.debug_info</name>
         <load_address>0x827a</load_address>
         <run_address>0x827a</run_address>
         <size>0xd2</size>
         <input_file_ref idref="fl-a"/>
      </object_component>
      <object_component id="oc-178">
         <name>.debug_info</name>
         <load_address>0x834c</load_address>
         <run_address>0x834c</run_address>
         <size>0x122</size>
         <input_file_ref idref="fl-a"/>
      </object_component>
      <object_component id="oc-181">
         <name>.debug_info</name>
         <load_address>0x846e</load_address>
         <run_address>0x846e</run_address>
         <size>0xd8</size>
         <input_file_ref idref="fl-a"/>
      </object_component>
      <object_component id="oc-17b">
         <name>.debug_info</name>
         <load_address>0x8546</load_address>
         <run_address>0x8546</run_address>
         <size>0xd2</size>
         <input_file_ref idref="fl-a"/>
      </object_component>
      <object_component id="oc-f5">
         <name>.debug_info</name>
         <load_address>0x8618</load_address>
         <run_address>0x8618</run_address>
         <size>0x3490</size>
         <input_file_ref idref="fl-a"/>
      </object_component>
      <object_component id="oc-152">
         <name>.debug_info</name>
         <load_address>0xbaa8</load_address>
         <run_address>0xbaa8</run_address>
         <size>0x240</size>
         <input_file_ref idref="fl-10"/>
      </object_component>
      <object_component id="oc-154">
         <name>.debug_info</name>
         <load_address>0xbce8</load_address>
         <run_address>0xbce8</run_address>
         <size>0x15b</size>
         <input_file_ref idref="fl-10"/>
      </object_component>
      <object_component id="oc-1ce">
         <name>.debug_info</name>
         <load_address>0xbe43</load_address>
         <run_address>0xbe43</run_address>
         <size>0x2a3</size>
         <input_file_ref idref="fl-10"/>
      </object_component>
      <object_component id="oc-14d">
         <name>.debug_info</name>
         <load_address>0xc0e6</load_address>
         <run_address>0xc0e6</run_address>
         <size>0x2b3</size>
         <input_file_ref idref="fl-10"/>
      </object_component>
      <object_component id="oc-147">
         <name>.debug_info</name>
         <load_address>0xc399</load_address>
         <run_address>0xc399</run_address>
         <size>0x316</size>
         <input_file_ref idref="fl-10"/>
      </object_component>
      <object_component id="oc-ea">
         <name>.debug_info</name>
         <load_address>0xc6af</load_address>
         <run_address>0xc6af</run_address>
         <size>0x27b</size>
         <input_file_ref idref="fl-10"/>
      </object_component>
      <object_component id="oc-198">
         <name>.debug_info</name>
         <load_address>0xc92a</load_address>
         <run_address>0xc92a</run_address>
         <size>0x27f</size>
         <input_file_ref idref="fl-10"/>
      </object_component>
      <object_component id="oc-19e">
         <name>.debug_info</name>
         <load_address>0xcba9</load_address>
         <run_address>0xcba9</run_address>
         <size>0x279</size>
         <input_file_ref idref="fl-10"/>
      </object_component>
      <object_component id="oc-de">
         <name>.debug_info</name>
         <load_address>0xce22</load_address>
         <run_address>0xce22</run_address>
         <size>0x2b7</size>
         <input_file_ref idref="fl-10"/>
      </object_component>
      <object_component id="oc-e4">
         <name>.debug_info</name>
         <load_address>0xd0d9</load_address>
         <run_address>0xd0d9</run_address>
         <size>0x280</size>
         <input_file_ref idref="fl-10"/>
      </object_component>
      <object_component id="oc-26e">
         <name>.debug_info</name>
         <load_address>0xd359</load_address>
         <run_address>0xd359</run_address>
         <size>0x231</size>
         <input_file_ref idref="fl-11"/>
      </object_component>
      <object_component id="oc-1ac">
         <name>.debug_info</name>
         <load_address>0xd58a</load_address>
         <run_address>0xd58a</run_address>
         <size>0x2ce</size>
         <input_file_ref idref="fl-11"/>
      </object_component>
      <object_component id="oc-26b">
         <name>.debug_info</name>
         <load_address>0xd858</load_address>
         <run_address>0xd858</run_address>
         <size>0x24e</size>
         <input_file_ref idref="fl-11"/>
      </object_component>
      <object_component id="oc-1a6">
         <name>.debug_info</name>
         <load_address>0xdaa6</load_address>
         <run_address>0xdaa6</run_address>
         <size>0x2d5</size>
         <input_file_ref idref="fl-11"/>
      </object_component>
      <object_component id="oc-1b2">
         <name>.debug_info</name>
         <load_address>0xdd7b</load_address>
         <run_address>0xdd7b</run_address>
         <size>0x27e</size>
         <input_file_ref idref="fl-11"/>
      </object_component>
      <object_component id="oc-1c4">
         <name>.debug_info</name>
         <load_address>0xdff9</load_address>
         <run_address>0xdff9</run_address>
         <size>0x254</size>
         <input_file_ref idref="fl-11"/>
      </object_component>
      <object_component id="oc-1b8">
         <name>.debug_info</name>
         <load_address>0xe24d</load_address>
         <run_address>0xe24d</run_address>
         <size>0x27e</size>
         <input_file_ref idref="fl-11"/>
      </object_component>
      <object_component id="oc-1be">
         <name>.debug_info</name>
         <load_address>0xe4cb</load_address>
         <run_address>0xe4cb</run_address>
         <size>0x24e</size>
         <input_file_ref idref="fl-11"/>
      </object_component>
      <object_component id="oc-189">
         <name>.debug_info</name>
         <load_address>0xe719</load_address>
         <run_address>0xe719</run_address>
         <size>0x20e</size>
         <input_file_ref idref="fl-12"/>
      </object_component>
      <object_component id="oc-186">
         <name>.debug_info</name>
         <load_address>0xe927</load_address>
         <run_address>0xe927</run_address>
         <size>0x210</size>
         <input_file_ref idref="fl-12"/>
      </object_component>
      <object_component id="oc-24a">
         <name>.debug_info</name>
         <load_address>0xeb37</load_address>
         <run_address>0xeb37</run_address>
         <size>0x157</size>
         <input_file_ref idref="fl-12"/>
      </object_component>
      <object_component id="oc-24f">
         <name>.debug_info</name>
         <load_address>0xec8e</load_address>
         <run_address>0xec8e</run_address>
         <size>0x225</size>
         <input_file_ref idref="fl-12"/>
      </object_component>
      <object_component id="oc-172">
         <name>.debug_info</name>
         <load_address>0xeeb3</load_address>
         <run_address>0xeeb3</run_address>
         <size>0x270</size>
         <input_file_ref idref="fl-12"/>
      </object_component>
      <object_component id="oc-166">
         <name>.debug_info</name>
         <load_address>0xf123</load_address>
         <run_address>0xf123</run_address>
         <size>0x2c1</size>
         <input_file_ref idref="fl-12"/>
      </object_component>
      <object_component id="oc-101">
         <name>.debug_info</name>
         <load_address>0xf3e4</load_address>
         <run_address>0xf3e4</run_address>
         <size>0x23e</size>
         <input_file_ref idref="fl-12"/>
      </object_component>
      <object_component id="oc-fb">
         <name>.debug_info</name>
         <load_address>0xf622</load_address>
         <run_address>0xf622</run_address>
         <size>0x268</size>
         <input_file_ref idref="fl-12"/>
      </object_component>
      <object_component id="oc-16c">
         <name>.debug_info</name>
         <load_address>0xf88a</load_address>
         <run_address>0xf88a</run_address>
         <size>0x26a</size>
         <input_file_ref idref="fl-12"/>
      </object_component>
      <object_component id="oc-143">
         <name>.debug_info</name>
         <load_address>0xfaf4</load_address>
         <run_address>0xfaf4</run_address>
         <size>0x298</size>
         <input_file_ref idref="fl-15"/>
      </object_component>
      <object_component id="oc-159">
         <name>.debug_info</name>
         <load_address>0xfd8c</load_address>
         <run_address>0xfd8c</run_address>
         <size>0x14d</size>
         <input_file_ref idref="fl-15"/>
      </object_component>
      <object_component id="oc-d7">
         <name>.debug_info</name>
         <load_address>0xfed9</load_address>
         <run_address>0xfed9</run_address>
         <size>0x27d</size>
         <input_file_ref idref="fl-15"/>
      </object_component>
      <object_component id="oc-d2">
         <name>.debug_info</name>
         <load_address>0x10156</load_address>
         <run_address>0x10156</run_address>
         <size>0x2db</size>
         <input_file_ref idref="fl-15"/>
      </object_component>
      <object_component id="oc-f0">
         <name>.debug_info</name>
         <load_address>0x10431</load_address>
         <run_address>0x10431</run_address>
         <size>0x2b5</size>
         <input_file_ref idref="fl-15"/>
      </object_component>
      <object_component id="oc-236">
         <name>.debug_info</name>
         <load_address>0x106e6</load_address>
         <run_address>0x106e6</run_address>
         <size>0x5f</size>
         <input_file_ref idref="fl-15"/>
      </object_component>
      <object_component id="oc-18c">
         <name>.debug_info</name>
         <load_address>0x10745</load_address>
         <run_address>0x10745</run_address>
         <size>0x212</size>
         <input_file_ref idref="fl-16"/>
      </object_component>
      <object_component id="oc-25">
         <name>.debug_info</name>
         <load_address>0x10957</load_address>
         <run_address>0x10957</run_address>
         <size>0x160</size>
         <input_file_ref idref="fl-cc"/>
      </object_component>
      <object_component id="oc-86">
         <name>.debug_info</name>
         <load_address>0x10ab7</load_address>
         <run_address>0x10ab7</run_address>
         <size>0x293</size>
         <input_file_ref idref="fl-cd"/>
      </object_component>
      <object_component id="oc-13">
         <name>.debug_info</name>
         <load_address>0x10d4a</load_address>
         <run_address>0x10d4a</run_address>
         <size>0x245</size>
         <input_file_ref idref="fl-cd"/>
      </object_component>
      <object_component id="oc-35">
         <name>.debug_info</name>
         <load_address>0x10f8f</load_address>
         <run_address>0x10f8f</run_address>
         <size>0x60</size>
         <input_file_ref idref="fl-cd"/>
      </object_component>
      <object_component id="oc-81">
         <name>.debug_info</name>
         <load_address>0x10fef</load_address>
         <run_address>0x10fef</run_address>
         <size>0x46</size>
         <input_file_ref idref="fl-cd"/>
      </object_component>
      <object_component id="oc-4a">
         <name>.debug_info</name>
         <load_address>0x11035</load_address>
         <run_address>0x11035</run_address>
         <size>0x2da</size>
         <input_file_ref idref="fl-ce"/>
      </object_component>
      <object_component id="oc-19">
         <name>.debug_info</name>
         <load_address>0x1130f</load_address>
         <run_address>0x1130f</run_address>
         <size>0x1df</size>
         <input_file_ref idref="fl-ce"/>
      </object_component>
      <object_component id="oc-45">
         <name>.debug_info</name>
         <load_address>0x114ee</load_address>
         <run_address>0x114ee</run_address>
         <size>0x46</size>
         <input_file_ref idref="fl-ce"/>
      </object_component>
      <object_component id="oc-88">
         <name>.debug_info</name>
         <load_address>0x11534</load_address>
         <run_address>0x11534</run_address>
         <size>0x2c</size>
         <input_file_ref idref="fl-ce"/>
      </object_component>
      <object_component id="oc-56">
         <name>.debug_info</name>
         <load_address>0x11560</load_address>
         <run_address>0x11560</run_address>
         <size>0x2c9</size>
         <input_file_ref idref="fl-cf"/>
      </object_component>
      <object_component id="oc-22">
         <name>.debug_info</name>
         <load_address>0x11829</load_address>
         <run_address>0x11829</run_address>
         <size>0x1aa</size>
         <input_file_ref idref="fl-cf"/>
      </object_component>
      <object_component id="oc-51">
         <name>.debug_info</name>
         <load_address>0x119d3</load_address>
         <run_address>0x119d3</run_address>
         <size>0x46</size>
         <input_file_ref idref="fl-cf"/>
      </object_component>
      <object_component id="oc-29b">
         <name>.debug_info</name>
         <load_address>0x11a19</load_address>
         <run_address>0x11a19</run_address>
         <size>0x2ea</size>
         <input_file_ref idref="fl-d0"/>
      </object_component>
      <object_component id="oc-1f5">
         <name>.debug_info</name>
         <load_address>0x11d03</load_address>
         <run_address>0x11d03</run_address>
         <size>0x23c</size>
         <input_file_ref idref="fl-d0"/>
      </object_component>
      <object_component id="oc-28f">
         <name>.debug_info</name>
         <load_address>0x11f3f</load_address>
         <run_address>0x11f3f</run_address>
         <size>0x39</size>
         <input_file_ref idref="fl-d0"/>
      </object_component>
      <object_component id="oc-294">
         <name>.debug_info</name>
         <load_address>0x11f78</load_address>
         <run_address>0x11f78</run_address>
         <size>0x2e3</size>
         <input_file_ref idref="fl-d1"/>
      </object_component>
      <object_component id="oc-1e2">
         <name>.debug_info</name>
         <load_address>0x1225b</load_address>
         <run_address>0x1225b</run_address>
         <size>0x240</size>
         <input_file_ref idref="fl-d1"/>
      </object_component>
      <object_component id="oc-28c">
         <name>.debug_info</name>
         <load_address>0x1249b</load_address>
         <run_address>0x1249b</run_address>
         <size>0xf3</size>
         <input_file_ref idref="fl-d2"/>
      </object_component>
      <object_component id="oc-b6">
         <name>.debug_info</name>
         <load_address>0x1258e</load_address>
         <run_address>0x1258e</run_address>
         <size>0x3ce</size>
         <input_file_ref idref="fl-d3"/>
      </object_component>
      <object_component id="oc-b0">
         <name>.debug_info</name>
         <load_address>0x1295c</load_address>
         <run_address>0x1295c</run_address>
         <size>0x185</size>
         <input_file_ref idref="fl-d3"/>
      </object_component>
      <object_component id="oc-71">
         <name>.debug_info</name>
         <load_address>0x12ae1</load_address>
         <run_address>0x12ae1</run_address>
         <size>0x214</size>
         <input_file_ref idref="fl-d3"/>
      </object_component>
      <object_component id="oc-1dd">
         <name>.debug_info</name>
         <load_address>0x12cf5</load_address>
         <run_address>0x12cf5</run_address>
         <size>0x144</size>
         <input_file_ref idref="fl-d4"/>
      </object_component>
      <object_component id="oc-192">
         <name>.debug_info</name>
         <load_address>0x12e39</load_address>
         <run_address>0x12e39</run_address>
         <size>0x120</size>
         <input_file_ref idref="fl-d5"/>
      </object_component>
      <object_component id="oc-206">
         <name>.debug_info</name>
         <load_address>0x12f59</load_address>
         <run_address>0x12f59</run_address>
         <size>0x122</size>
         <input_file_ref idref="fl-d5"/>
      </object_component>
      <object_component id="oc-1ea">
         <name>.debug_info</name>
         <load_address>0x1307b</load_address>
         <run_address>0x1307b</run_address>
         <size>0x132</size>
         <input_file_ref idref="fl-d6"/>
      </object_component>
      <object_component id="oc-1d8">
         <name>.debug_info</name>
         <load_address>0x131ad</load_address>
         <run_address>0x131ad</run_address>
         <size>0x132</size>
         <input_file_ref idref="fl-d7"/>
      </object_component>
      <object_component id="oc-1f9">
         <name>.debug_info</name>
         <load_address>0x132df</load_address>
         <run_address>0x132df</run_address>
         <size>0x136</size>
         <input_file_ref idref="fl-d8"/>
      </object_component>
      <object_component id="oc-209">
         <name>.debug_info</name>
         <load_address>0x13415</load_address>
         <run_address>0x13415</run_address>
         <size>0x124</size>
         <input_file_ref idref="fl-d9"/>
      </object_component>
      <object_component id="oc-1d4">
         <name>.debug_info</name>
         <load_address>0x13539</load_address>
         <run_address>0x13539</run_address>
         <size>0x124</size>
         <input_file_ref idref="fl-da"/>
      </object_component>
      <object_component id="oc-40">
         <name>.debug_info</name>
         <load_address>0x1365d</load_address>
         <run_address>0x1365d</run_address>
         <size>0x111</size>
         <input_file_ref idref="fl-db"/>
      </object_component>
      <object_component id="oc-4d">
         <name>.debug_info</name>
         <load_address>0x1376e</load_address>
         <run_address>0x1376e</run_address>
         <size>0x13f</size>
         <input_file_ref idref="fl-dc"/>
      </object_component>
      <object_component id="oc-59">
         <name>.debug_info</name>
         <load_address>0x138ad</load_address>
         <run_address>0x138ad</run_address>
         <size>0x138</size>
         <input_file_ref idref="fl-dd"/>
      </object_component>
      <object_component id="oc-5e">
         <name>.debug_info</name>
         <load_address>0x139e5</load_address>
         <run_address>0x139e5</run_address>
         <size>0x148</size>
         <input_file_ref idref="fl-de"/>
      </object_component>
      <object_component id="oc-306">
         <name>.debug_info</name>
         <load_address>0x13b2d</load_address>
         <run_address>0x13b2d</run_address>
         <size>0x333</size>
         <input_file_ref idref="fl-df"/>
      </object_component>
      <object_component id="oc-297">
         <name>.debug_info</name>
         <load_address>0x13e60</load_address>
         <run_address>0x13e60</run_address>
         <size>0x126</size>
         <input_file_ref idref="fl-df"/>
      </object_component>
      <object_component id="oc-1ed">
         <name>.debug_info</name>
         <load_address>0x13f86</load_address>
         <run_address>0x13f86</run_address>
         <size>0x4a1</size>
         <input_file_ref idref="fl-df"/>
      </object_component>
      <object_component id="oc-220">
         <name>.debug_info</name>
         <load_address>0x14427</load_address>
         <run_address>0x14427</run_address>
         <size>0x355</size>
         <input_file_ref idref="fl-e0"/>
      </object_component>
      <object_component id="oc-10d">
         <name>.debug_info</name>
         <load_address>0x1477c</load_address>
         <run_address>0x1477c</run_address>
         <size>0x2e4</size>
         <input_file_ref idref="fl-e0"/>
      </object_component>
      <object_component id="oc-2e1">
         <name>.debug_info</name>
         <load_address>0x14a60</load_address>
         <run_address>0x14a60</run_address>
         <size>0x2c</size>
         <input_file_ref idref="fl-e0"/>
      </object_component>
      <object_component id="oc-76">
         <name>.debug_info</name>
         <load_address>0x14a8c</load_address>
         <run_address>0x14a8c</run_address>
         <size>0x109</size>
         <input_file_ref idref="fl-e1"/>
      </object_component>
      <object_component id="oc-227">
         <name>.debug_info</name>
         <load_address>0x14b95</load_address>
         <run_address>0x14b95</run_address>
         <size>0x284</size>
         <input_file_ref idref="fl-e2"/>
      </object_component>
      <object_component id="oc-113">
         <name>.debug_info</name>
         <load_address>0x14e19</load_address>
         <run_address>0x14e19</run_address>
         <size>0x22a</size>
         <input_file_ref idref="fl-e2"/>
      </object_component>
      <object_component id="oc-132">
         <name>.debug_info</name>
         <load_address>0x15043</load_address>
         <run_address>0x15043</run_address>
         <size>0x2be</size>
         <input_file_ref idref="fl-e3"/>
      </object_component>
      <object_component id="oc-b3">
         <name>.debug_info</name>
         <load_address>0x15301</load_address>
         <run_address>0x15301</run_address>
         <size>0x113</size>
         <input_file_ref idref="fl-e3"/>
      </object_component>
      <object_component id="oc-12d">
         <name>.debug_info</name>
         <load_address>0x15414</load_address>
         <run_address>0x15414</run_address>
         <size>0x21f</size>
         <input_file_ref idref="fl-e3"/>
      </object_component>
      <object_component id="oc-2d6">
         <name>.debug_info</name>
         <load_address>0x15633</load_address>
         <run_address>0x15633</run_address>
         <size>0x51f</size>
         <input_file_ref idref="fl-e4"/>
      </object_component>
      <object_component id="oc-21a">
         <name>.debug_info</name>
         <load_address>0x15b52</load_address>
         <run_address>0x15b52</run_address>
         <size>0x1543</size>
         <input_file_ref idref="fl-e4"/>
      </object_component>
      <object_component id="oc-2d7">
         <name>.debug_info</name>
         <load_address>0x17095</load_address>
         <run_address>0x17095</run_address>
         <size>0x86</size>
         <input_file_ref idref="fl-e4"/>
      </object_component>
      <object_component id="oc-328">
         <name>.debug_info</name>
         <load_address>0x1711b</load_address>
         <run_address>0x1711b</run_address>
         <size>0x46</size>
         <input_file_ref idref="fl-e4"/>
      </object_component>
      <object_component id="oc-2dc">
         <name>.debug_info</name>
         <load_address>0x17161</load_address>
         <run_address>0x17161</run_address>
         <size>0x39</size>
         <input_file_ref idref="fl-e4"/>
      </object_component>
      <object_component id="oc-ae">
         <name>.debug_info</name>
         <load_address>0x1719a</load_address>
         <run_address>0x1719a</run_address>
         <size>0x300</size>
         <input_file_ref idref="fl-e5"/>
      </object_component>
      <object_component id="oc-6a">
         <name>.debug_info</name>
         <load_address>0x1749a</load_address>
         <run_address>0x1749a</run_address>
         <size>0x167</size>
         <input_file_ref idref="fl-e5"/>
      </object_component>
      <object_component id="oc-123">
         <name>.debug_info</name>
         <load_address>0x17601</load_address>
         <run_address>0x17601</run_address>
         <size>0x5e</size>
         <input_file_ref idref="fl-e5"/>
      </object_component>
      <object_component id="oc-323">
         <name>.debug_info</name>
         <load_address>0x1765f</load_address>
         <run_address>0x1765f</run_address>
         <size>0x2ae</size>
         <input_file_ref idref="fl-e6"/>
      </object_component>
      <object_component id="oc-2ca">
         <name>.debug_info</name>
         <load_address>0x1790d</load_address>
         <run_address>0x1790d</run_address>
         <size>0x171</size>
         <input_file_ref idref="fl-e6"/>
      </object_component>
      <object_component id="oc-a6">
         <name>.debug_info</name>
         <load_address>0x17a7e</load_address>
         <run_address>0x17a7e</run_address>
         <size>0x483</size>
         <input_file_ref idref="fl-e7"/>
      </object_component>
      <object_component id="oc-66">
         <name>.debug_info</name>
         <load_address>0x17f01</load_address>
         <run_address>0x17f01</run_address>
         <size>0x190</size>
         <input_file_ref idref="fl-e7"/>
      </object_component>
      <object_component id="oc-c6">
         <name>.debug_info</name>
         <load_address>0x18091</load_address>
         <run_address>0x18091</run_address>
         <size>0x39</size>
         <input_file_ref idref="fl-e7"/>
      </object_component>
      <object_component id="oc-13d">
         <name>.debug_info</name>
         <load_address>0x180ca</load_address>
         <run_address>0x180ca</run_address>
         <size>0x39</size>
         <input_file_ref idref="fl-e7"/>
      </object_component>
      <object_component id="oc-cb">
         <name>.debug_info</name>
         <load_address>0x18103</load_address>
         <run_address>0x18103</run_address>
         <size>0xcd</size>
         <input_file_ref idref="fl-e7"/>
      </object_component>
      <object_component id="oc-c2">
         <name>.debug_info</name>
         <load_address>0x181d0</load_address>
         <run_address>0x181d0</run_address>
         <size>0x37a</size>
         <input_file_ref idref="fl-e8"/>
      </object_component>
      <object_component id="oc-9a">
         <name>.debug_info</name>
         <load_address>0x1854a</load_address>
         <run_address>0x1854a</run_address>
         <size>0x183</size>
         <input_file_ref idref="fl-e8"/>
      </object_component>
      <object_component id="oc-138">
         <name>.debug_info</name>
         <load_address>0x186cd</load_address>
         <run_address>0x186cd</run_address>
         <size>0x2c</size>
         <input_file_ref idref="fl-e8"/>
      </object_component>
      <object_component id="oc-33c">
         <name>.debug_info</name>
         <load_address>0x186f9</load_address>
         <run_address>0x186f9</run_address>
         <size>0xee</size>
         <input_file_ref idref="fl-e9"/>
      </object_component>
      <object_component id="oc-320">
         <name>.debug_info</name>
         <load_address>0x187e7</load_address>
         <run_address>0x187e7</run_address>
         <size>0xfa</size>
         <input_file_ref idref="fl-e9"/>
      </object_component>
      <object_component id="oc-2ad">
         <name>.debug_info</name>
         <load_address>0x188e1</load_address>
         <run_address>0x188e1</run_address>
         <size>0x126</size>
         <input_file_ref idref="fl-ea"/>
      </object_component>
      <object_component id="oc-30d">
         <name>.debug_info</name>
         <load_address>0x18a07</load_address>
         <run_address>0x18a07</run_address>
         <size>0x2e6</size>
         <input_file_ref idref="fl-eb"/>
      </object_component>
      <object_component id="oc-2b3">
         <name>.debug_info</name>
         <load_address>0x18ced</load_address>
         <run_address>0x18ced</run_address>
         <size>0x1c2</size>
         <input_file_ref idref="fl-eb"/>
      </object_component>
      <object_component id="oc-325">
         <name>.debug_info</name>
         <load_address>0x18eaf</load_address>
         <run_address>0x18eaf</run_address>
         <size>0x28b</size>
         <input_file_ref idref="fl-ec"/>
      </object_component>
      <object_component id="oc-2d2">
         <name>.debug_info</name>
         <load_address>0x1913a</load_address>
         <run_address>0x1913a</run_address>
         <size>0x1ab</size>
         <input_file_ref idref="fl-ec"/>
      </object_component>
      <object_component id="oc-30f">
         <name>.debug_info</name>
         <load_address>0x192e5</load_address>
         <run_address>0x192e5</run_address>
         <size>0x2d9</size>
         <input_file_ref idref="fl-ed"/>
      </object_component>
      <object_component id="oc-2b8">
         <name>.debug_info</name>
         <load_address>0x195be</load_address>
         <run_address>0x195be</run_address>
         <size>0x18a</size>
         <input_file_ref idref="fl-ed"/>
      </object_component>
      <object_component id="oc-310">
         <name>.debug_info</name>
         <load_address>0x19748</load_address>
         <run_address>0x19748</run_address>
         <size>0x2c</size>
         <input_file_ref idref="fl-ed"/>
      </object_component>
      <object_component id="oc-31c">
         <name>.debug_info</name>
         <load_address>0x19774</load_address>
         <run_address>0x19774</run_address>
         <size>0x316</size>
         <input_file_ref idref="fl-ee"/>
      </object_component>
      <object_component id="oc-2be">
         <name>.debug_info</name>
         <load_address>0x19a8a</load_address>
         <run_address>0x19a8a</run_address>
         <size>0x1d5</size>
         <input_file_ref idref="fl-ee"/>
      </object_component>
      <object_component id="oc-a0">
         <name>.debug_info</name>
         <load_address>0x19c5f</load_address>
         <run_address>0x19c5f</run_address>
         <size>0x145</size>
         <input_file_ref idref="fl-ef"/>
      </object_component>
      <object_component id="oc-31e">
         <name>.debug_info</name>
         <load_address>0x19da4</load_address>
         <run_address>0x19da4</run_address>
         <size>0x28f</size>
         <input_file_ref idref="fl-f0"/>
      </object_component>
      <object_component id="oc-2c4">
         <name>.debug_info</name>
         <load_address>0x1a033</load_address>
         <run_address>0x1a033</run_address>
         <size>0x244</size>
         <input_file_ref idref="fl-f0"/>
      </object_component>
[...]
         <value>0x273d</value>
         <object_component_ref idref="oc-f4"/>
      </symbol>
      <symbol id="sm-307">
         <name>UARTIntDisable</name>
         <value>0x24a7</value>
         <object_component_ref idref="oc-f4"/>
      </symbol>
      <symbol id="sm-308">
         <name>UARTCharPut</name>
         <value>0x23ed</value>
         <object_component_ref idref="oc-f4"/>
      </symbol>
      <symbol id="sm-309">
         <name>UARTParityModeSet</name>
         <value>0x203f</value>
         <object_component_ref idref="oc-f4"/>
      </symbol>
      <symbol id="sm-30a">
         <name>UARTRxErrorGet</name>
         <value>0x251f</value>
         <object_component_ref idref="oc-f4"/>
      </symbol>
      <symbol id="sm-30b">
         <name>UARTConfigGetExpClk</name>
         <value>0x2123</value>
         <object_component_ref idref="oc-f4"/>
      </symbol>
      <symbol id="sm-30c">
         <name>UARTEnableSIR</name>
         <value>0x21e9</value>
         <object_component_ref idref="oc-f4"/>
      </symbol>
      <symbol id="sm-30d">
         <name>UARTEnable</name>
         <value>0x216f</value>
         <object_component_ref idref="oc-f4"/>
      </symbol>
      <symbol id="sm-30e">
         <name>UART9BitAddrSend</name>
         <value>0x25b7</value>
         <object_component_ref idref="oc-f4"/>
      </symbol>
      <symbol id="sm-30f">
         <name>UARTModemControlGet</name>
         <value>0x22d9</value>
         <object_component_ref idref="oc-f4"/>
      </symbol>
      <symbol id="sm-310">
         <name>UARTSmartCardEnable</name>
         <value>0x222d</value>
         <object_component_ref idref="oc-f4"/>
      </symbol>
      <symbol id="sm-311">
         <name>UARTFlowControlGet</name>
         <value>0x231b</value>
         <object_component_ref idref="oc-f4"/>
      </symbol>
      <symbol id="sm-312">
         <name>UARTFIFOEnable</name>
         <value>0x21bd</value>
         <object_component_ref idref="oc-f4"/>
      </symbol>
      <symbol id="sm-313">
         <name>UARTIntClear</name>
         <value>0x24dd</value>
         <object_component_ref idref="oc-f4"/>
      </symbol>
      <symbol id="sm-314">
         <name>UARTIntStatus</name>
         <value>0x24bf</value>
         <object_component_ref idref="oc-f4"/>
      </symbol>
      <symbol id="sm-315">
         <name>UARTDMADisable</name>
         <value>0x2507</value>
         <object_component_ref idref="oc-f4"/>
      </symbol>
      <symbol id="sm-316">
         <name>UART9BitEnable</name>
         <value>0x2565</value>
         <object_component_ref idref="oc-f4"/>
      </symbol>
      <symbol id="sm-317">
         <name>UARTSpaceAvail</name>
         <value>0x2379</value>
         <object_component_ref idref="oc-f4"/>
      </symbol>
      <symbol id="sm-318">
         <name>UARTCharGet</name>
         <value>0x23b3</value>
         <object_component_ref idref="oc-f4"/>
      </symbol>
      <symbol id="sm-319">
         <name>UARTFIFOLevelSet</name>
         <value>0x206d</value>
         <object_component_ref idref="oc-f4"/>
      </symbol>
      <symbol id="sm-31a">
         <name>UARTModemControlClear</name>
         <value>0x22b5</value>
         <object_component_ref idref="oc-f4"/>
      </symbol>
      <symbol id="sm-31b">
         <name>UARTParityModeGet</name>
         <value>0x205b</value>
         <object_component_ref idref="oc-f4"/>
      </symbol>
      <symbol id="sm-31c">
         <name>Bluetooth_RxTxHandler</name>
         <value>0x2677</value>
         <object_component_ref idref="oc-f4"/>
      </symbol>
      <symbol id="sm-31d">
         <name>UARTIntRegister</name>
         <value>0x2453</value>
         <object_component_ref idref="oc-f4"/>
      </symbol>
      <symbol id="sm-31e">
         <name>UARTBreakCtl</name>
         <value>0x240b</value>
         <object_component_ref idref="oc-f4"/>
      </symbol>
      <symbol id="sm-31f">
         <name>UART9BitAddrSet</name>
         <value>0x2591</value>
         <object_component_ref idref="oc-f4"/>
      </symbol>
      <symbol id="sm-371">
         <name>GPIOPinConfigure</name>
         <value>0x4955</value>
         <object_component_ref idref="oc-e2"/>
      </symbol>
      <symbol id="sm-372">
         <name>GPIOPinTypeI2CSCL</name>
         <value>0x4ba3</value>
         <object_component_ref idref="oc-196"/>
      </symbol>
      <symbol id="sm-373">
         <name>GPIOPinTypeI2C</name>
         <value>0x4b91</value>
         <object_component_ref idref="oc-19c"/>
      </symbol>
      <symbol id="sm-374">
         <name>GPIOPinTypeUART</name>
         <value>0x4bb5</value>
         <object_component_ref idref="oc-e8"/>
      </symbol>
      <symbol id="sm-375">
         <name>GPIOPinTypeGPIOOutput</name>
         <value>0x4af9</value>
         <object_component_ref idref="oc-dc"/>
      </symbol>
      <symbol id="sm-376">
         <name>GPIODirModeSet</name>
         <value>0x4ab3</value>
         <object_component_ref idref="oc-14b"/>
      </symbol>
      <symbol id="sm-377">
         <name>GPIOPinWrite</name>
         <value>0x4c23</value>
         <object_component_ref idref="oc-1cc"/>
      </symbol>
      <symbol id="sm-378">
         <name>GPIOPadConfigSet</name>
         <value>0x3d47</value>
         <object_component_ref idref="oc-145"/>
      </symbol>
      <symbol id="sm-3b9">
         <name>I2CMasterDataPut</name>
         <value>0x4c37</value>
         <object_component_ref idref="oc-1ae"/>
      </symbol>
      <symbol id="sm-3ba">
         <name>I2CMasterInitExpClk</name>
         <value>0x4871</value>
         <object_component_ref idref="oc-1a2"/>
      </symbol>
      <symbol id="sm-3bb">
         <name>I2CMasterSlaveAddrSet</name>
         <value>0x4c1b</value>
         <object_component_ref idref="oc-1a8"/>
      </symbol>
      <symbol id="sm-3bc">
         <name>I2CMasterDataGet</name>
         <value>0x4c33</value>
         <object_component_ref idref="oc-1c0"/>
      </symbol>
      <symbol id="sm-3bd">
         <name>I2CMasterControl</name>
         <value>0x4c2f</value>
         <object_component_ref idref="oc-1b4"/>
      </symbol>
      <symbol id="sm-3be">
         <name>I2CMasterBusy</name>
         <value>0x4c13</value>
         <object_component_ref idref="oc-1ba"/>
      </symbol>
      <symbol id="sm-3bf">
         <name>I2CMasterEnable</name>
         <value>0x4c09</value>
         <object_component_ref idref="oc-267"/>
      </symbol>
      <symbol id="sm-429">
         <name>IntEnable</name>
         <value>0x45e1</value>
         <object_component_ref idref="oc-fa"/>
      </symbol>
      <symbol id="sm-42a">
         <name>IntDisable</name>
         <value>0x4579</value>
         <object_component_ref idref="oc-16b"/>
      </symbol>
      <symbol id="sm-42b">
         <name>IntRegister</name>
         <value>0x4a1d</value>
         <object_component_ref idref="oc-165"/>
      </symbol>
      <symbol id="sm-42c">
         <name>IntUnregister</name>
         <value>0x4b41</value>
         <object_component_ref idref="oc-171"/>
      </symbol>
      <symbol id="sm-42d">
         <name>g_pfnRAMVectors</name>
         <value>0x20000000</value>
         <object_component_ref idref="oc-249"/>
      </symbol>
      <symbol id="sm-42e">
         <name>IntMasterEnable</name>
         <value>0x4bc7</value>
         <object_component_ref idref="oc-100"/>
      </symbol>
      <symbol id="sm-482">
         <name>SysCtlClockSet</name>
         <value>0x4181</value>
         <object_component_ref idref="oc-d0"/>
      </symbol>
      <symbol id="sm-483">
         <name>SysCtlDelay</name>
         <value>0x4c29</value>
         <object_component_ref idref="oc-118"/>
      </symbol>
      <symbol id="sm-484">
         <name>SysCtlPeripheralEnable</name>
         <value>0x4a51</value>
         <object_component_ref idref="oc-d6"/>
      </symbol>
      <symbol id="sm-485">
         <name>SysCtlClockGet</name>
         <value>0x3e79</value>
         <object_component_ref idref="oc-ee"/>
      </symbol>
      <symbol id="sm-48f">
         <name>CPUcpsie</name>
         <value>0x4be5</value>
         <object_component_ref idref="oc-18a"/>
      </symbol>
      <symbol id="sm-4a0">
         <name>_c_int00</name>
         <value>0x4775</value>
         <object_component_ref idref="oc-24"/>
      </symbol>
      <symbol id="sm-4a1">
         <name>__stack</name>
         <value>0x20000f88</value>
         <object_component_ref idref="oc-2a"/>
      </symbol>
      <symbol id="sm-4bf">
         <name>__TI_decompress_lzss</name>
         <value>0x4649</value>
         <object_component_ref idref="oc-12"/>
      </symbol>
      <symbol id="sm-4d6">
         <name>__TI_decompress_none</name>
         <value>0x4bd7</value>
         <object_component_ref idref="oc-18"/>
      </symbol>
      <symbol id="sm-4e8">
         <name>__TI_zero_init</name>
         <value>0x4bf1</value>
         <object_component_ref idref="oc-1e"/>
      </symbol>
      <symbol id="sm-527">
         <name>atan2</name>
         <value>0x35c5</value>
         <object_component_ref idref="oc-1f2"/>
      </symbol>
      <symbol id="sm-528">
         <name>atan2l</name>
         <value>0x35c5</value>
         <object_component_ref idref="oc-1f2"/>
      </symbol>
      <symbol id="sm-54c">
         <name>sqrtl</name>
         <value>0x3969</value>
         <object_component_ref idref="oc-1e1"/>
      </symbol>
      <symbol id="sm-54d">
         <name>sqrt</name>
         <value>0x3969</value>
         <object_component_ref idref="oc-1e1"/>
      </symbol>
      <symbol id="sm-555">
         <name>errno</name>
         <value>0x200011b8</value>
         <object_component_ref idref="oc-28b"/>
      </symbol>
      <symbol id="sm-576">
         <name>C$$EXIT</name>
         <value>0x47c9</value>
         <object_component_ref idref="oc-6f"/>
      </symbol>
      <symbol id="sm-577">
         <name>abort</name>
         <value>0x47cd</value>
         <object_component_ref idref="oc-6f"/>
      </symbol>
      <symbol id="sm-578">
         <name>exit</name>
         <value>0x47d5</value>
         <object_component_ref idref="oc-6f"/>
      </symbol>
      <symbol id="sm-579">
         <name>__TI_dtors_ptr</name>
         <value>0x200011a8</value>
         <object_component_ref idref="oc-af"/>
      </symbol>
      <symbol id="sm-57a">
         <name>__TI_cleanup_ptr</name>
         <value>0x200011a4</value>
         <object_component_ref idref="oc-af"/>
      </symbol>
      <symbol id="sm-57b">
         <name>__TI_enable_exit_profile_output</name>
         <value>0x200011ac</value>
         <object_component_ref idref="oc-af"/>
      </symbol>
      <symbol id="sm-592">
         <name>__aeabi_dsub</name>
         <value>0x37b1</value>
         <object_component_ref idref="oc-1dc"/>
      </symbol>
      <symbol id="sm-593">
         <name>__aeabi_dadd</name>
         <value>0x37bb</value>
         <object_component_ref idref="oc-1dc"/>
      </symbol>
      <symbol id="sm-5b5">
         <name>__aeabi_cdcmpeq</name>
         <value>0x4311</value>
         <object_component_ref idref="oc-191"/>
      </symbol>
      <symbol id="sm-5b6">
         <name>__aeabi_cdcmple</name>
         <value>0x4311</value>
         <object_component_ref idref="oc-191"/>
      </symbol>
      <symbol id="sm-5b7">
         <name>__aeabi_cdrcmple</name>
         <value>0x4397</value>
         <object_component_ref idref="oc-203"/>
      </symbol>
      <symbol id="sm-5cb">
         <name>__aeabi_ddiv</name>
         <value>0x3c11</value>
         <object_component_ref idref="oc-1e7"/>
      </symbol>
      <symbol id="sm-5d6">
         <name>__aeabi_dmul</name>
         <value>0x3f89</value>
         <object_component_ref idref="oc-1d7"/>
      </symbol>
      <symbol id="sm-5e2">
         <name>__aeabi_d2f</name>
         <value>0x4509</value>
         <object_component_ref idref="oc-1f8"/>
      </symbol>
      <symbol id="sm-5ed">
         <name>__aeabi_f2d</name>
         <value>0x49e5</value>
         <object_component_ref idref="oc-208"/>
      </symbol>
      <symbol id="sm-5f7">
         <name>__aeabi_i2d</name>
         <value>0x4a85</value>
         <object_component_ref idref="oc-1d2"/>
      </symbol>
      <symbol id="sm-612">
         <name>memcpy</name>
         <value>0x4275</value>
         <object_component_ref idref="oc-3f"/>
      </symbol>
      <symbol id="sm-613">
         <name>__aeabi_memcpy</name>
         <value>0x4275</value>
         <object_component_ref idref="oc-3f"/>
      </symbol>
      <symbol id="sm-614">
         <name>__aeabi_memcpy8</name>
         <value>0x4275</value>
         <object_component_ref idref="oc-3f"/>
      </symbol>
      <symbol id="sm-615">
         <name>__aeabi_memcpy4</name>
         <value>0x4275</value>
         <object_component_ref idref="oc-3f"/>
      </symbol>
      <symbol id="sm-624">
         <name>__aeabi_memset</name>
         <value>0x441f</value>
         <object_component_ref idref="oc-4b"/>
      </symbol>
      <symbol id="sm-625">
         <name>memset</name>
         <value>0x4425</value>
         <object_component_ref idref="oc-4b"/>
      </symbol>
      <symbol id="sm-626">
         <name>__aeabi_memset8</name>
         <value>0x441f</value>
         <object_component_ref idref="oc-4b"/>
      </symbol>
      <symbol id="sm-627">
         <name>__aeabi_memset4</name>
         <value>0x441f</value>
         <object_component_ref idref="oc-4b"/>
      </symbol>
      <symbol id="sm-628">
         <name>__aeabi_memclr8</name>
         <value>0x441d</value>
         <object_component_ref idref="oc-4b"/>
      </symbol>
      <symbol id="sm-629">
         <name>__aeabi_memclr4</name>
         <value>0x441d</value>
         <object_component_ref idref="oc-4b"/>
      </symbol>
      <symbol id="sm-62a">
         <name>__aeabi_memclr</name>
         <value>0x441d</value>
         <object_component_ref idref="oc-4b"/>
      </symbol>
      <symbol id="sm-634">
         <name>__mpu_init</name>
         <value>0x3967</value>
         <object_component_ref idref="oc-57"/>
      </symbol>
      <symbol id="sm-63e">
         <name>_system_pre_init</name>
         <value>0x4c3b</value>
         <object_component_ref idref="oc-5d"/>
      </symbol>
      <symbol id="sm-671">
         <name>atanl</name>
         <value>0x30e5</value>
         <object_component_ref idref="oc-1ec"/>
      </symbol>
      <symbol id="sm-672">
         <name>atan</name>
         <value>0x30e5</value>
         <object_component_ref idref="oc-1ec"/>
      </symbol>
      <symbol id="sm-68b">
         <name>sprintf</name>
         <value>0x4715</value>
         <object_component_ref idref="oc-10c"/>
      </symbol>
      <symbol id="sm-693">
         <name>main_func_sp</name>
         <value>0x200011bc</value>
         <object_component_ref idref="oc-75"/>
      </symbol>
      <symbol id="sm-6a1">
         <name>strlen</name>
         <value>0x4b7d</value>
         <object_component_ref idref="oc-112"/>
      </symbol>
      <symbol id="sm-6ba">
         <name>_nop</name>
         <value>0x4b63</value>
         <object_component_ref idref="oc-12a"/>
      </symbol>
      <symbol id="sm-6bb">
         <name>_lock</name>
         <value>0x200011b0</value>
         <object_component_ref idref="oc-b2"/>
      </symbol>
      <symbol id="sm-6bc">
         <name>_unlock</name>
         <value>0x200011b4</value>
         <object_component_ref idref="oc-b2"/>
      </symbol>
      <symbol id="sm-6bd">
         <name>_register_lock</name>
         <value>0x4b5b</value>
         <object_component_ref idref="oc-12a"/>
      </symbol>
      <symbol id="sm-6be">
         <name>_register_unlock</name>
         <value>0x4b55</value>
         <object_component_ref idref="oc-12a"/>
      </symbol>
      <symbol id="sm-7bf">
         <name>__TI_printfi</name>
         <value>0xab1</value>
         <object_component_ref idref="oc-219"/>
      </symbol>
      <symbol id="sm-7d3">
         <name>_args_main</name>
         <value>0x4b11</value>
         <object_component_ref idref="oc-69"/>
      </symbol>
      <symbol id="sm-7e9">
         <name>atoi</name>
         <value>0x48bd</value>
         <object_component_ref idref="oc-2c9"/>
      </symbol>
      <symbol id="sm-813">
         <name>__TI_auto_init</name>
         <value>0x4499</value>
         <object_component_ref idref="oc-63"/>
      </symbol>
      <symbol id="sm-82d">
         <name>copy_in</name>
         <value>0x4909</value>
         <object_component_ref idref="oc-99"/>
      </symbol>
      <symbol id="sm-838">
         <name>_ctypes_</name>
         <value>0x4c40</value>
         <object_component_ref idref="oc-31f"/>
      </symbol>
      <symbol id="sm-842">
         <name>__aeabi_d2iz</name>
         <value>0x499d</value>
         <object_component_ref idref="oc-2ac"/>
      </symbol>
      <symbol id="sm-851">
         <name>ltoa</name>
         <value>0x481d</value>
         <object_component_ref idref="oc-2b1"/>
      </symbol>
      <symbol id="sm-861">
         <name>memccpy</name>
         <value>0x4add</value>
         <object_component_ref idref="oc-2cf"/>
      </symbol>
      <symbol id="sm-87c">
         <name>frexpl</name>
         <value>0x46b1</value>
         <object_component_ref idref="oc-2b7"/>
      </symbol>
      <symbol id="sm-87d">
         <name>frexp</name>
         <value>0x46b1</value>
         <object_component_ref idref="oc-2b7"/>
      </symbol>
      <symbol id="sm-89a">
         <name>scalbn</name>
         <value>0x4085</value>
         <object_component_ref idref="oc-2bd"/>
      </symbol>
      <symbol id="sm-89b">
         <name>scalbnl</name>
         <value>0x4085</value>
         <object_component_ref idref="oc-2bd"/>
      </symbol>
      <symbol id="sm-89c">
         <name>ldexpl</name>
         <value>0x4085</value>
         <object_component_ref idref="oc-2bd"/>
      </symbol>
      <symbol id="sm-89d">
         <name>ldexp</name>
         <value>0x4085</value>
         <object_component_ref idref="oc-2bd"/>
      </symbol>
      <symbol id="sm-8a7">
         <name>_system_post_cinit</name>
         <value>0x4497</value>
         <object_component_ref idref="oc-9f"/>
      </symbol>
      <symbol id="sm-8b7">
         <name>strchr</name>
         <value>0x4b29</value>
         <object_component_ref idref="oc-2c3"/>
      </symbol>
      <symbol id="sm-8d3">
         <name>__aeabi_uldivmod</name>
         <value>0x33d1</value>
         <object_component_ref idref="oc-2a7"/>
      </symbol>
      <symbol id="sm-8dd">
         <name>copysign</name>
         <value>0x4b69</value>
         <object_component_ref idref="oc-315"/>
      </symbol>
      <symbol id="sm-8de">
         <name>copysignl</name>
         <value>0x4b69</value>
         <object_component_ref idref="oc-315"/>
      </symbol>
      <symbol id="sm-8df">
         <name>__TI_static_base__</name>
         <value>0x0</value>
      </symbol>
      <symbol id="sm-8e2">
         <name>SHT$$INIT_ARRAY$$Limit</name>
         <value>0x0</value>
      </symbol>
      <symbol id="sm-8e3">
         <name>SHT$$INIT_ARRAY$$Base</name>
         <value>0x0</value>
      </symbol>
   </symbol_table>
   <title>Link successful</title>
</link_info>
