******************************************************************************
                  TI ARM Linker PC v16.9.3                     
******************************************************************************
>> Linked Fri Sep 08 01:19:58 2017

OUTPUT FILE NAME:   <2WheelBalance.out>
ENTRY POINT SYMBOL: "_c_int00"  address: 00004775


MEMORY CONFIGURATION

         name            origin    length      used     unused   attr    fill
----------------------  --------  ---------  --------  --------  ----  --------
  FLASH                 00000000   00040000  000050d2  0003af2e  R  X
  SRAM                  20000000   00008000  000011bc  00006e44  RW X


SEGMENT ALLOCATION MAP

run origin  load origin   length   init length attrs members
----------  ----------- ---------- ----------- ----- -------
00000000    00000000    000050d8   000050d8    r-x
  00000000    00000000    0000026c   0000026c    r-- .intvecs
  0000026c    0000026c    000049d2   000049d2    r-x .text
  00004c40    00004c40    0000043c   0000043c    r-- .const
  00005080    00005080    00000058   00000058    r-- .cinit
20000000    20000000    000011c0   00000000    rw-
  20000000    20000000    0000026c   00000000    rw- .vtable
  20000270    20000270    00000d18   00000000    rw- .bss
  20000f88    20000f88    00000200   00000000    rw- .stack
  20001188    20001188    00000038   00000000    rw- .data


SECTION ALLOCATION MAP

 output                                  attributes/
section   page    origin      length       input sections
--------  ----  ----------  ----------   ----------------
.intvecs   0    00000000    0000026c     
                  00000000    0000026c     tm4c123gh6pm_startup_ccs.obj (.intvecs)

.text      0    0000026c    000049d2     
                  0000026c    0000113e     rtsv7M4_T_le_v4SPD16_eabi.lib : _printfi.obj (.text)
                  000013aa    00000002     driverlib.lib : interrupt.obj (.text:_IntDefaultHandler)
                  000013ac    00000c30     MPU6050.obj (.text)
                  00001fdc    00000900     UART.obj (.text)
                  000028dc    00000808     Timer.obj (.text)
                  000030e4    000002ec     rtsv7M4_T_le_v4SPD16_eabi.lib : s_atan.obj (.text)
                  000033d0    000001f4                                   : ull_div_t2.obj (.text)
                  000035c4    000001ec                                   : e_atan2.obj (.text)
                  000037b0    000001b6                                   : fd_add_t2.obj (.text)
                  00003966    00000002                                   : mpu_init.obj (.text)
                  00003968    00000170                                   : e_sqrt.obj (.text)
                  00003ad8    00000138     main.obj (.text)
                  00003c10    00000136     rtsv7M4_T_le_v4SPD16_eabi.lib : fd_div_t2.obj (.text)
                  00003d46    00000132     driverlib.lib : gpio.obj (.text:GPIOPadConfigSet)
                  00003e78    00000110                   : sysctl.obj (.text:SysCtlClockGet)
                  00003f88    000000fc     rtsv7M4_T_le_v4SPD16_eabi.lib : fd_mul_t2.obj (.text)
                  00004084    000000fc                                   : s_scalbn.obj (.text)
                  00004180    000000f4     driverlib.lib : sysctl.obj (.text:SysCtlClockSet)
                  00004274    0000009c     rtsv7M4_T_le_v4SPD16_eabi.lib : memcpy_t2.obj (.text)
                  00004310    00000086                                   : fd_cmp_t2.obj (.text:__aeabi_cdcmple)
                  00004396    00000086                                   : fd_cmp_t2.obj (.text:__aeabi_cdrcmple)
                  0000441c    0000007a                                   : memset_t2.obj (.text)
                  00004496    00000002                                   : startup.obj (.text)
                  00004498    00000070                                   : autoinit.obj (.text)
                  00004508    0000006e                                   : fd_tos_t2.obj (.text)
                  00004576    00000002     --HOLE-- [fill = 0]
                  00004578    00000068     driverlib.lib : interrupt.obj (.text:IntDisable)
                  000045e0    00000068                   : interrupt.obj (.text:IntEnable)
                  00004648    00000068     rtsv7M4_T_le_v4SPD16_eabi.lib : copy_decompress_lzss.obj (.text:decompress:lzss)
                  000046b0    00000064                                   : s_frexp.obj (.text)
                  00004714    00000060                                   : sprintf.obj (.text)
                  00004774    00000054                                   : boot.obj (.text)
                  000047c8    00000054                                   : exit.obj (.text)
                  0000481c    00000054                                   : ltoa.obj (.text)
                  00004870    0000004c     driverlib.lib : i2c.obj (.text:I2CMasterInitExpClk)
                  000048bc    0000004c     rtsv7M4_T_le_v4SPD16_eabi.lib : atoi.obj (.text)
                  00004908    0000004c                                   : cpy_tbl.obj (.text)
                  00004954    00000048     driverlib.lib : gpio.obj (.text:GPIOPinConfigure)
                  0000499c    00000048     rtsv7M4_T_le_v4SPD16_eabi.lib : fd_toi_t2.obj (.text)
                  000049e4    00000038                                   : fs_tod_t2.obj (.text)
                  00004a1c    00000034     driverlib.lib : interrupt.obj (.text:IntRegister)
                  00004a50    00000034                   : sysctl.obj (.text:SysCtlPeripheralEnable)
                  00004a84    0000002e     rtsv7M4_T_le_v4SPD16_eabi.lib : i_tofd_t2.obj (.text)
                  00004ab2    0000002a     driverlib.lib : gpio.obj (.text:GPIODirModeSet)
                  00004adc    0000001c     rtsv7M4_T_le_v4SPD16_eabi.lib : memccpy.obj (.text)
                  00004af8    00000018     driverlib.lib : gpio.obj (.text:GPIOPinTypeGPIOOutput)
                  00004b10    00000018     rtsv7M4_T_le_v4SPD16_eabi.lib : args_main.obj (.text)
                  00004b28    00000016                                   : strchr.obj (.text)
                  00004b3e    00000002     --HOLE-- [fill = 0]
                  00004b40    00000014     driverlib.lib : interrupt.obj (.text:IntUnregister)
                  00004b54    00000014     rtsv7M4_T_le_v4SPD16_eabi.lib : _lock.obj (.text)
                  00004b68    00000014                                   : s_copysign.obj (.text)
                  00004b7c    00000014                                   : strlen.obj (.text)
                  00004b90    00000012     driverlib.lib : gpio.obj (.text:GPIOPinTypeI2C)
                  00004ba2    00000012                   : gpio.obj (.text:GPIOPinTypeI2CSCL)
                  00004bb4    00000012                   : gpio.obj (.text:GPIOPinTypeUART)
                  00004bc6    00000010                   : interrupt.obj (.text:IntMasterEnable)
                  00004bd6    0000000e     rtsv7M4_T_le_v4SPD16_eabi.lib : copy_decompress_none.obj (.text:decompress:none)
                  00004be4    0000000c     driverlib.lib : cpu.obj (.text:CPUcpsie)
                  00004bf0    0000000c     rtsv7M4_T_le_v4SPD16_eabi.lib : copy_zero_init.obj (.text:decompress:ZI)
                  00004bfc    0000000c     tm4c123gh6pm_startup_ccs.obj (.text)
                  00004c08    0000000a     driverlib.lib : i2c.obj (.text:I2CMasterEnable)
                  00004c12    00000008                   : i2c.obj (.text:I2CMasterBusy)
                  00004c1a    00000008                   : i2c.obj (.text:I2CMasterSlaveAddrSet)
                  00004c22    00000006                   : gpio.obj (.text:GPIOPinWrite)
                  00004c28    00000006                   : sysctl.obj (.text:SysCtlDelay)
                  00004c2e    00000004                   : i2c.obj (.text:I2CMasterControl)
                  00004c32    00000004                   : i2c.obj (.text:I2CMasterDataGet)
                  00004c36    00000004                   : i2c.obj (.text:I2CMasterDataPut)
                  00004c3a    00000004     rtsv7M4_T_le_v4SPD16_eabi.lib : pre_init.obj (.text)

.const     0    00004c40    0000043c     
                  00004c40    00000101     rtsv7M4_T_le_v4SPD16_eabi.lib : ctype.obj (.const:.string:_ctypes_)
                  00004d41    00000007     --HOLE-- [fill = 0]
                  00004d48    00000098                                   : s_atan.obj (.const:$O1$$)
                  00004de0    00000090     driverlib.lib : gpio.obj (.const:g_pui32GPIOBaseAddrs)
                  00004e70    00000070                   : interrupt.obj (.const)
                  00004ee0    0000006c                   : sysctl.obj (.const:g_pui32Xtals)
                  00004f4c    00000060     Timer.obj (.const:g_ppui32TimerIntMap)
                  00004fac    00000040     Timer.obj (.const:g_ppui32TimerIntMapSnowflake)
                  00004fec    00000040     UART.obj (.const:g_ppui32UARTIntMap)
                  0000502c    00000040     UART.obj (.const:g_ppui32UARTIntMapSnowflake)
                  0000506c    00000008     Timer.obj (.const)
                  00005074    00000008     UART.obj (.const)

.cinit     0    00005080    00000058     
                  00005080    0000001f     (.cinit..data.load) [load image, compression = lzss]
                  0000509f    00000001     --HOLE-- [fill = 0]
                  000050a0    0000000c     (__TI_handler_table)
                  000050ac    00000004     --HOLE-- [fill = 0]
                  000050b0    00000008     (.cinit..bss.load) [load image, compression = zero_init]
                  000050b8    00000008     (.cinit..vtable.load) [load image, compression = zero_init]
                  000050c0    00000018     (__TI_cinit_table)

.init_array 
*          0    00000000    00000000     UNINITIALIZED

.vtable    0    20000000    0000026c     UNINITIALIZED
                  20000000    0000026c     driverlib.lib : interrupt.obj (.vtable)

.bss       0    20000270    00000d18     UNINITIALIZED
                  20000270    000005dc     UART.obj (.bss:rxBuffer)
                  2000084c    000005dc     UART.obj (.bss:txBuffer)
                  20000e28    000000a0     Timer.obj (.bss:timer_event_list)
                  20000ec8    00000034     main.obj (.bss:u8_Buf)
                  20000efc    00000004     --HOLE--
                  20000f00    00000018     (.common:i16_Accel_Raw)
                  20000f18    00000018     (.common:i16_Gyro_Raw)
                  20000f30    00000010     MPU6050.obj (.bss:f_P)
                  20000f40    0000000c     MPU6050.obj (.bss)
                  20000f4c    00000008     UART.obj (.bss)
                  20000f54    00000004     --HOLE--
                  20000f58    00000008     (.common:compAngleX)
                  20000f60    00000008     (.common:compAngleY)
                  20000f68    00000008     (.common:gyroXangle)
                  20000f70    00000008     (.common:gyroYangle)
                  20000f78    00000008     (.common:kalAngleX)
                  20000f80    00000008     (.common:kalAngleY)

.stack     0    20000f88    00000200     UNINITIALIZED
                  20000f88    00000200     --HOLE--

.data      0    20001188    00000038     UNINITIALIZED
                  20001188    00000019     MPU6050.obj (.data)
                  200011a1    00000001     --HOLE--
                  200011a2    00000002     UART.obj (.data)
                  200011a4    0000000c     rtsv7M4_T_le_v4SPD16_eabi.lib : exit.obj (.data:$O1$$)
                  200011b0    00000008                                   : _lock.obj (.data:$O1$$)
                  200011b8    00000004                                   : errno.obj (.data)
                  200011bc    00000004                                   : stkdepth_vars.obj (.data)

MODULE SUMMARY

       Module                         code    ro data   rw data
       ------                         ----    -------   -------
    .\
       tm4c123gh6pm_startup_ccs.obj   12      620       0      
       main.obj                       312     0         100    
    +--+------------------------------+-------+---------+---------+
       Total:                         324     620       100    
                                                               
    .\MPU6050\
       MPU6050.obj                    3120    0         101    
    +--+------------------------------+-------+---------+---------+
       Total:                         3120    0         101    
                                                               
    .\Timer\
       Timer.obj                      2056    168       160    
    +--+------------------------------+-------+---------+---------+
       Total:                         2056    168       160    
                                                               
    .\UART\
       UART.obj                       2304    136       3010   
    +--+------------------------------+-------+---------+---------+
       Total:                         2304    136       3010   
                                                               
    C:\ti\ccsv7\tools\compiler\ti-cgt-arm_16.9.3.LTS\lib\rtsv7M4_T_le_v4SPD16_eabi.lib
       _printfi.obj                   4414    0         0      
       s_atan.obj                     748     152       0      
       ull_div_t2.obj                 500     0         0      
       e_atan2.obj                    492     0         0      
       fd_add_t2.obj                  438     0         0      
       e_sqrt.obj                     368     0         0      
       fd_div_t2.obj                  310     0         0      
       fd_cmp_t2.obj                  268     0         0      
       ctype.obj                      0       257       0      
       fd_mul_t2.obj                  252     0         0      
       s_scalbn.obj                   252     0         0      
       memcpy_t2.obj                  156     0         0      
       memset_t2.obj                  122     0         0      
       autoinit.obj                   112     0         0      
       fd_tos_t2.obj                  110     0         0      
       copy_decompress_lzss.obj       104     0         0      
       s_frexp.obj                    100     0         0      
       exit.obj                       84      0         12     
       sprintf.obj                    96      0         0      
       boot.obj                       84      0         0      
       ltoa.obj                       84      0         0      
       atoi.obj                       76      0         0      
       cpy_tbl.obj                    76      0         0      
       fd_toi_t2.obj                  72      0         0      
       fs_tod_t2.obj                  56      0         0      
       i_tofd_t2.obj                  46      0         0      
       _lock.obj                      20      0         8      
       memccpy.obj                    28      0         0      
       args_main.obj                  24      0         0      
       strchr.obj                     22      0         0      
       s_copysign.obj                 20      0         0      
       strlen.obj                     20      0         0      
       copy_decompress_none.obj       14      0         0      
       copy_zero_init.obj             12      0         0      
       errno.obj                      0       0         4      
       pre_init.obj                   4       0         0      
       stkdepth_vars.obj              0       0         4      
       mpu_init.obj                   2       0         0      
       startup.obj                    2       0         0      
    +--+------------------------------+-------+---------+---------+
       Total:                         9588    409       28     
                                                               
    T:/Programs/ti/TivaWare/driverlib/ccs/Debug/driverlib.lib
       interrupt.obj                  298     112       620    
       sysctl.obj                     574     108       0      
       gpio.obj                       504     144       0      
       i2c.obj                        114     0         0      
       cpu.obj                        12      0         0      
    +--+------------------------------+-------+---------+---------+
       Total:                         1502    364       620    
                                                               
       Stack:                         0       0         512    
       Linker Generated:              0       83        0      
    +--+------------------------------+-------+---------+---------+
       Grand Total:                   18894   1780      4531   


LINKER GENERATED COPY TABLES

__TI_cinit_table @ 000050c0 records: 3, size/record: 8, table size: 24
	.data: load addr=00005080, load size=0000001f bytes, run addr=20001188, run size=00000038 bytes, compression=lzss
	.bss: load addr=000050b0, load size=00000008 bytes, run addr=20000270, run size=00000d18 bytes, compression=zero_init
	.vtable: load addr=000050b8, load size=00000008 bytes, run addr=20000000, run size=0000026c bytes, compression=zero_init


LINKER GENERATED HANDLER TABLE

__TI_handler_table @ 000050a0 records: 3, size/record: 4, table size: 12
	index: 0, handler: __TI_zero_init
	index: 1, handler: __TI_decompress_lzss
	index: 2, handler: __TI_decompress_none


GLOBAL SYMBOLS: SORTED ALPHABETICALLY BY Name 

address   name                           
-------   ----                           
00002677  Bluetooth_RxTxHandler          
000047c9  C$$EXIT                        
00004be5  CPUcpsie                       
00004ab3  GPIODirModeSet                 
00003d47  GPIOPadConfigSet               
00004955  GPIOPinConfigure               
00004af9  GPIOPinTypeGPIOOutput          
00004b91  GPIOPinTypeI2C                 
00004ba3  GPIOPinTypeI2CSCL              
00004bb5  GPIOPinTypeUART                
00004c23  GPIOPinWrite                   
00004c13  I2CMasterBusy                  
00004c2f  I2CMasterControl               
00004c33  I2CMasterDataGet               
00004c37  I2CMasterDataPut               
00004c09  I2CMasterEnable                
00004871  I2CMasterInitExpClk            
00004c1b  I2CMasterSlaveAddrSet          
00004579  IntDisable                     
000045e1  IntEnable                      
00004bc7  IntMasterEnable                
00004a1d  IntRegister                    
00004b41  IntUnregister                  
00001f73  Kalman_Get_Qangle              
00001f81  Kalman_Get_Qbias               
00001f2f  Kalman_Get_Rate                
00001f89  Kalman_Get_Rmeasure            
00001f1d  Kalman_Set_Angle               
00001f3d  Kalman_Set_Qangle              
00001f4f  Kalman_Set_Qbias               
00001f61  Kalman_Set_Rmeasure            
00001cdd  MPU6050_Complimentary_Angle    
000017a5  MPU6050_Get_Accel_Raw          
000017e7  MPU6050_Get_Gyro_Raw           
000016e5  MPU6050_Init                   
00001cb7  MPU6050_Kalman_Angle           
00004bfd  ResetISR                       
UNDEFED   SHT$$INIT_ARRAY$$Base          
UNDEFED   SHT$$INIT_ARRAY$$Limit         
00003e79  SysCtlClockGet                 
00004181  SysCtlClockSet                 
00004c29  SysCtlDelay                    
00004a51  SysCtlPeripheralEnable         
00003039  TIMER_ISR                      
00002eb1  TimerADCEventGet               
00002e9f  TimerADCEventSet               
00002bcd  TimerClockSourceGet            
00002bb1  TimerClockSourceSet            
0000298f  TimerConfigure                 
00002aaf  TimerControlEvent              
00002a0b  TimerControlLevel              
00002ad9  TimerControlStall              
00002a41  TimerControlTrigger            
00002b0f  TimerControlWaitOnTrigger      
00002ed1  TimerDMAEventGet               
00002ebf  TimerDMAEventSet               
00002971  TimerDisable                   
00002953  TimerEnable                    
00002e7b  TimerIntClear                  
00002e45  TimerIntDisable                
00002e2d  TimerIntEnable                 
00002de7  TimerIntRegister               
00002e5d  TimerIntStatus                 
00002e0f  TimerIntUnregister             
00002c97  TimerLoadGet                   
00002cd1  TimerLoadGet64                 
00002c6d  TimerLoadSet                   
00002cb3  TimerLoadSet64                 
00002d7b  TimerMatchGet                  
00002db5  TimerMatchGet64                
00002d51  TimerMatchSet                  
00002d97  TimerMatchSet64                
00002c07  TimerPrescaleGet               
00002c51  TimerPrescaleMatchGet          
00002c23  TimerPrescaleMatchSet          
00002bdd  TimerPrescaleSet               
00002b85  TimerRTCDisable                
00002b6f  TimerRTCEnable                 
00002e8d  TimerSynchronize               
00002edf  TimerUpdateMode                
00002d03  TimerValueGet                  
00002d1f  TimerValueGet64                
00002f33  Timer_Init                     
00002f8b  Timer_Register_Event           
00002ff7  Timer_Unregister_Event         
000025b7  UART9BitAddrSend               
00002591  UART9BitAddrSet                
0000257b  UART9BitDisable                
00002565  UART9BitEnable                 
0000240b  UARTBreakCtl                   
00002435  UARTBusy                       
000023b3  UARTCharGet                    
00002397  UARTCharGetNonBlocking         
000023ed  UARTCharPut                    
000023c9  UARTCharPutNonBlocking         
0000235b  UARTCharsAvail                 
00002555  UARTClockSourceGet             
00002541  UARTClockSourceSet             
00002123  UARTConfigGetExpClk            
000020ad  UARTConfigSetExpClk            
00002507  UARTDMADisable                 
000024ef  UARTDMAEnable                  
00002193  UARTDisable                    
00002217  UARTDisableSIR                 
0000216f  UARTEnable                     
000021e9  UARTEnableSIR                  
000021d3  UARTFIFODisable                
000021bd  UARTFIFOEnable                 
00002085  UARTFIFOLevelGet               
0000206d  UARTFIFOLevelSet               
0000231b  UARTFlowControlGet             
000022ff  UARTFlowControlSet             
000024dd  UARTIntClear                   
000024a7  UARTIntDisable                 
0000248f  UARTIntEnable                  
00002453  UARTIntRegister                
000024bf  UARTIntStatus                  
00002475  UARTIntUnregister              
000025ff  UARTLoopbackEnable             
000022b5  UARTModemControlClear          
000022d9  UARTModemControlGet            
00002275  UARTModemControlSet            
000022eb  UARTModemStatusGet             
0000205b  UARTParityModeGet              
0000203f  UARTParityModeSet              
00002531  UARTRxErrorClear               
0000251f  UARTRxErrorGet                 
0000225f  UARTSmartCardDisable           
0000222d  UARTSmartCardEnable            
00002379  UARTSpaceAvail                 
00002349  UARTTxIntModeGet               
0000232d  UARTTxIntModeSet               
00003ad9  UART_Init                      
00003b39  UART_Put_S                     
00002615  Uart_Init                      
20001188  __STACK_END                    
00000200  __STACK_SIZE                   
20001188  __STACK_TOP                    
000050c0  __TI_CINIT_Base                
000050d8  __TI_CINIT_Limit               
000050a0  __TI_Handler_Table_Base        
000050ac  __TI_Handler_Table_Limit       
00004499  __TI_auto_init                 
200011a4  __TI_cleanup_ptr               
00004649  __TI_decompress_lzss           
00004bd7  __TI_decompress_none           
200011a8  __TI_dtors_ptr                 
200011ac  __TI_enable_exit_profile_output
ffffffff  __TI_pprof_out_hndl            
00000ab1  __TI_printfi                   
ffffffff  __TI_prof_data_size            
ffffffff  __TI_prof_data_start           
00000000  __TI_static_base__             
00004bf1  __TI_zero_init                 
00004311  __aeabi_cdcmpeq                
00004311  __aeabi_cdcmple                
00004397  __aeabi_cdrcmple               
00004509  __aeabi_d2f                    
0000499d  __aeabi_d2iz                   
000037bb  __aeabi_dadd                   
00003c11  __aeabi_ddiv                   
00003f89  __aeabi_dmul                   
000037b1  __aeabi_dsub                   
000049e5  __aeabi_f2d                    
00004a85  __aeabi_i2d                    
0000441d  __aeabi_memclr                 
0000441d  __aeabi_memclr4                
0000441d  __aeabi_memclr8                
00004275  __aeabi_memcpy                 
00004275  __aeabi_memcpy4                
00004275  __aeabi_memcpy8                
0000441f  __aeabi_memset                 
0000441f  __aeabi_memset4                
0000441f  __aeabi_memset8                
000033d1  __aeabi_uldivmod               
ffffffff  __binit__                      
ffffffff  __c_args__                     
00003967  __mpu_init                     
20000f88  __stack                        
00004b11  _args_main                     
00004775  _c_int00                       
00004c40  _ctypes_                       
200011b0  _lock                          
00004b63  _nop                           
00004b5b  _register_lock                 
00004b55  _register_unlock               
00004497  _system_post_cinit             
00004c3b  _system_pre_init               
200011b4  _unlock                        
000047cd  abort                          
000030e5  atan                           
000035c5  atan2                          
000035c5  atan2l                         
000030e5  atanl                          
000048bd  atoi                           
ffffffff  binit                          
0000273d  bluetooth_recv                 
00002817  bluetooth_send                 
20000f58  compAngleX                     
20000f60  compAngleY                     
00004909  copy_in                        
00004b69  copysign                       
00004b69  copysignl                      
200011b8  errno                          
000047d5  exit                           
000046b1  frexp                          
000046b1  frexpl                         
20000000  g_pfnRAMVectors                
00000000  g_pfnVectors                   
20000f68  gyroXangle                     
20000f70  gyroYangle                     
20000f00  i16_Accel_Raw                  
20000f18  i16_Gyro_Raw                   
20000f78  kalAngleX                      
20000f80  kalAngleY                      
00004085  ldexp                          
00004085  ldexpl                         
0000481d  ltoa                           
00003b6f  main                           
200011bc  main_func_sp                   
00004add  memccpy                        
00004275  memcpy                         
00004425  memset                         
00004085  scalbn                         
00004085  scalbnl                        
00004715  sprintf                        
00003969  sqrt                           
00003969  sqrtl                          
00004b29  strchr                         
00004b7d  strlen                         


GLOBAL SYMBOLS: SORTED BY Symbol Address 

address   name                           
-------   ----                           
00000000  __TI_static_base__             
00000000  g_pfnVectors                   
00000200  __STACK_SIZE                   
00000ab1  __TI_printfi                   
000016e5  MPU6050_Init                   
000017a5  MPU6050_Get_Accel_Raw          
000017e7  MPU6050_Get_Gyro_Raw           
00001cb7  MPU6050_Kalman_Angle           
00001cdd  MPU6050_Complimentary_Angle    
00001f1d  Kalman_Set_Angle               
00001f2f  Kalman_Get_Rate                
00001f3d  Kalman_Set_Qangle              
00001f4f  Kalman_Set_Qbias               
00001f61  Kalman_Set_Rmeasure            
00001f73  Kalman_Get_Qangle              
00001f81  Kalman_Get_Qbias               
00001f89  Kalman_Get_Rmeasure            
0000203f  UARTParityModeSet              
0000205b  UARTParityModeGet              
0000206d  UARTFIFOLevelSet               
00002085  UARTFIFOLevelGet               
000020ad  UARTConfigSetExpClk            
00002123  UARTConfigGetExpClk            
0000216f  UARTEnable                     
00002193  UARTDisable                    
000021bd  UARTFIFOEnable                 
000021d3  UARTFIFODisable                
000021e9  UARTEnableSIR                  
00002217  UARTDisableSIR                 
0000222d  UARTSmartCardEnable            
0000225f  UARTSmartCardDisable           
00002275  UARTModemControlSet            
000022b5  UARTModemControlClear          
000022d9  UARTModemControlGet            
000022eb  UARTModemStatusGet             
000022ff  UARTFlowControlSet             
0000231b  UARTFlowControlGet             
0000232d  UARTTxIntModeSet               
00002349  UARTTxIntModeGet               
0000235b  UARTCharsAvail                 
00002379  UARTSpaceAvail                 
00002397  UARTCharGetNonBlocking         
000023b3  UARTCharGet                    
000023c9  UARTCharPutNonBlocking         
000023ed  UARTCharPut                    
0000240b  UARTBreakCtl                   
00002435  UARTBusy                       
00002453  UARTIntRegister                
00002475  UARTIntUnregister              
0000248f  UARTIntEnable                  
000024a7  UARTIntDisable                 
000024bf  UARTIntStatus                  
000024dd  UARTIntClear                   
000024ef  UARTDMAEnable                  
00002507  UARTDMADisable                 
0000251f  UARTRxErrorGet                 
00002531  UARTRxErrorClear               
00002541  UARTClockSourceSet             
00002555  UARTClockSourceGet             
00002565  UART9BitEnable                 
0000257b  UART9BitDisable                
00002591  UART9BitAddrSet                
000025b7  UART9BitAddrSend               
000025ff  UARTLoopbackEnable             
00002615  Uart_Init                      
00002677  Bluetooth_RxTxHandler          
0000273d  bluetooth_recv                 
00002817  bluetooth_send                 
00002953  TimerEnable                    
00002971  TimerDisable                   
0000298f  TimerConfigure                 
00002a0b  TimerControlLevel              
00002a41  TimerControlTrigger            
00002aaf  TimerControlEvent              
00002ad9  TimerControlStall              
00002b0f  TimerControlWaitOnTrigger      
00002b6f  TimerRTCEnable                 
00002b85  TimerRTCDisable                
00002bb1  TimerClockSourceSet            
00002bcd  TimerClockSourceGet            
00002bdd  TimerPrescaleSet               
00002c07  TimerPrescaleGet               
00002c23  TimerPrescaleMatchSet          
00002c51  TimerPrescaleMatchGet          
00002c6d  TimerLoadSet                   
00002c97  TimerLoadGet                   
00002cb3  TimerLoadSet64                 
00002cd1  TimerLoadGet64                 
00002d03  TimerValueGet                  
00002d1f  TimerValueGet64                
00002d51  TimerMatchSet                  
00002d7b  TimerMatchGet                  
00002d97  TimerMatchSet64                
00002db5  TimerMatchGet64                
00002de7  TimerIntRegister               
00002e0f  TimerIntUnregister             
00002e2d  TimerIntEnable                 
00002e45  TimerIntDisable                
00002e5d  TimerIntStatus                 
00002e7b  TimerIntClear                  
00002e8d  TimerSynchronize               
00002e9f  TimerADCEventSet               
00002eb1  TimerADCEventGet               
00002ebf  TimerDMAEventSet               
00002ed1  TimerDMAEventGet               
00002edf  TimerUpdateMode                
00002f33  Timer_Init                     
00002f8b  Timer_Register_Event           
00002ff7  Timer_Unregister_Event         
00003039  TIMER_ISR                      
000030e5  atan                           
000030e5  atanl                          
000033d1  __aeabi_uldivmod               
000035c5  atan2                          
000035c5  atan2l                         
000037b1  __aeabi_dsub                   
000037bb  __aeabi_dadd                   
00003967  __mpu_init                     
00003969  sqrt                           
00003969  sqrtl                          
00003ad9  UART_Init                      
00003b39  UART_Put_S                     
00003b6f  main                           
00003c11  __aeabi_ddiv                   
00003d47  GPIOPadConfigSet               
00003e79  SysCtlClockGet                 
00003f89  __aeabi_dmul                   
00004085  ldexp                          
00004085  ldexpl                         
00004085  scalbn                         
00004085  scalbnl                        
00004181  SysCtlClockSet                 
00004275  __aeabi_memcpy                 
00004275  __aeabi_memcpy4                
00004275  __aeabi_memcpy8                
00004275  memcpy                         
00004311  __aeabi_cdcmpeq                
00004311  __aeabi_cdcmple                
00004397  __aeabi_cdrcmple               
0000441d  __aeabi_memclr                 
0000441d  __aeabi_memclr4                
0000441d  __aeabi_memclr8                
0000441f  __aeabi_memset                 
0000441f  __aeabi_memset4                
0000441f  __aeabi_memset8                
00004425  memset                         
00004497  _system_post_cinit             
00004499  __TI_auto_init                 
00004509  __aeabi_d2f                    
00004579  IntDisable                     
000045e1  IntEnable                      
00004649  __TI_decompress_lzss           
000046b1  frexp                          
000046b1  frexpl                         
00004715  sprintf                        
00004775  _c_int00                       
000047c9  C$$EXIT                        
000047cd  abort                          
000047d5  exit                           
0000481d  ltoa                           
00004871  I2CMasterInitExpClk            
000048bd  atoi                           
00004909  copy_in                        
00004955  GPIOPinConfigure               
0000499d  __aeabi_d2iz                   
000049e5  __aeabi_f2d                    
00004a1d  IntRegister                    
00004a51  SysCtlPeripheralEnable         
00004a85  __aeabi_i2d                    
00004ab3  GPIODirModeSet                 
00004add  memccpy                        
00004af9  GPIOPinTypeGPIOOutput          
00004b11  _args_main                     
00004b29  strchr                         
00004b41  IntUnregister                  
00004b55  _register_unlock               
00004b5b  _register_lock                 
00004b63  _nop                           
00004b69  copysign                       
00004b69  copysignl                      
00004b7d  strlen                         
00004b91  GPIOPinTypeI2C                 
00004ba3  GPIOPinTypeI2CSCL              
00004bb5  GPIOPinTypeUART                
00004bc7  IntMasterEnable                
00004bd7  __TI_decompress_none           
00004be5  CPUcpsie                       
00004bf1  __TI_zero_init                 
00004bfd  ResetISR                       
00004c09  I2CMasterEnable                
00004c13  I2CMasterBusy                  
00004c1b  I2CMasterSlaveAddrSet          
00004c23  GPIOPinWrite                   
00004c29  SysCtlDelay                    
00004c2f  I2CMasterControl               
00004c33  I2CMasterDataGet               
00004c37  I2CMasterDataPut               
00004c3b  _system_pre_init               
00004c40  _ctypes_                       
000050a0  __TI_Handler_Table_Base        
000050ac  __TI_Handler_Table_Limit       
000050c0  __TI_CINIT_Base                
000050d8  __TI_CINIT_Limit               
20000000  g_pfnRAMVectors                
20000f00  i16_Accel_Raw                  
20000f18  i16_Gyro_Raw                   
20000f58  compAngleX                     
20000f60  compAngleY                     
20000f68  gyroXangle                     
20000f70  gyroYangle                     
20000f78  kalAngleX                      
20000f80  kalAngleY                      
20000f88  __stack                        
20001188  __STACK_END                    
20001188  __STACK_TOP                    
200011a4  __TI_cleanup_ptr               
200011a8  __TI_dtors_ptr                 
200011ac  __TI_enable_exit_profile_output
200011b0  _lock                          
200011b4  _unlock                        
200011b8  errno                          
200011bc  main_func_sp                   
ffffffff  __TI_pprof_out_hndl            
ffffffff  __TI_prof_data_size            
ffffffff  __TI_prof_data_start           
ffffffff  __binit__                      
ffffffff  __c_args__                     
ffffffff  binit                          
UNDEFED   SHT$$INIT_ARRAY$$Base          
UNDEFED   SHT$$INIT_ARRAY$$Limit         

[230 symbols]
